Archive member included to satisfy reference by file (symbol)

/opt/devkitpro/libnds/lib/libnds9.a(background.o)
                              main9.o (bgUpdate)
/opt/devkitpro/libnds/lib/libnds9.a(touch.o)
                              main9.o (touchRead)
/opt/devkitpro/libnds/lib/libnds9.a(console.o)
                              main9.o (consoleDemoInit)
/opt/devkitpro/libnds/lib/libnds9.a(trig.o)
                              /opt/devkitpro/libnds/lib/libnds9.a(background.o) (sinLerp)
/opt/devkitpro/libnds/lib/libnds9.a(sound.o)
                              main9.o (soundEnable)
/opt/devkitpro/libnds/lib/libnds9.a(keys.o)
                              main9.o (scanKeys)
/opt/devkitpro/libnds/lib/libnds9.a(initSystem.o)
                              /opt/devkitpro/devkitARM/lib/gcc/arm-none-eabi/10.1.0/../../../../arm-none-eabi/lib/ds_arm9_crt0.o (initSystem)
/opt/devkitpro/libnds/lib/libnds9.a(timeSupport.o)
                              /opt/devkitpro/libnds/lib/libnds9.a(initSystem.o) (__libnds_gtod)
/opt/devkitpro/libnds/lib/libnds9.a(securearea.o)
                              /opt/devkitpro/devkitARM/lib/gcc/arm-none-eabi/10.1.0/../../../../arm-none-eabi/lib/ds_arm9_crt0.o (__secure_area__)
/opt/devkitpro/libnds/lib/libnds9.a(timers.o)
                              mytimers.o (timerStop)
/opt/devkitpro/libnds/lib/libnds9.a(interrupts.o)
                              mytimers.o (irqSet)
/opt/devkitpro/libnds/lib/libnds9.a(libnds_exit.arm.o)
                              /opt/devkitpro/devkitARM/lib/gcc/arm-none-eabi/10.1.0/../../../../arm-none-eabi/lib/ds_arm9_crt0.o (__libnds_exit)
/opt/devkitpro/libnds/lib/libnds9.a(fifosystem.o)
                              /opt/devkitpro/libnds/lib/libnds9.a(initSystem.o) (fifoSetValue32Handler)
/opt/devkitpro/libnds/lib/libnds9.a(mpu_setup.o)
                              /opt/devkitpro/devkitARM/lib/gcc/arm-none-eabi/10.1.0/../../../../arm-none-eabi/lib/ds_arm9_crt0.o (__libnds_mpu_setup)
/opt/devkitpro/libnds/lib/libnds9.a(IntrWait.o)
                              main9.o (swiWaitForVBlank)
/opt/devkitpro/libnds/lib/libnds9.a(cpu_clock.o)
                              /opt/devkitpro/libnds/lib/libnds9.a(initSystem.o) (setCpuClock)
/opt/devkitpro/libnds/lib/libnds9.a(interruptDispatcher.o)
                              /opt/devkitpro/libnds/lib/libnds9.a(interrupts.o) (IntrMain)
/opt/devkitpro/libnds/lib/libnds9.a(debugprint.o)
                              /opt/devkitpro/libnds/lib/libnds9.a(console.o) (nocashWrite)
/opt/devkitpro/libnds/lib/libnds9.a(swiSoftReset.o)
                              /opt/devkitpro/libnds/lib/libnds9.a(fifosystem.o) (swiSoftReset)
/opt/devkitpro/libnds/lib/libnds9.a(default_font.bin.o)
                              /opt/devkitpro/libnds/lib/libnds9.a(console.o) (default_font_bin)
/opt/devkitpro/libnds/lib/libnds9.a(video.o)
                              /opt/devkitpro/libnds/lib/libnds9.a(initSystem.o) (vramDefault)
/opt/devkitpro/libnds/lib/libnds9.a(system.o)
                              /opt/devkitpro/libnds/lib/libnds9.a(initSystem.o) (systemValueHandler)
/opt/devkitpro/libnds/lib/libnds9.a(biosCalls.o)
                              /opt/devkitpro/libnds/lib/libnds9.a(system.o) (swiDelay)
/opt/devkitpro/devkitARM/arm-none-eabi/lib/libm.a(lib_a-w_exp.o)
                              adsr.o (exp)
/opt/devkitpro/devkitARM/arm-none-eabi/lib/libm.a(lib_a-w_log.o)
                              adsr.o (log)
/opt/devkitpro/devkitARM/arm-none-eabi/lib/libm.a(lib_a-e_exp.o)
                              /opt/devkitpro/devkitARM/arm-none-eabi/lib/libm.a(lib_a-w_exp.o) (__ieee754_exp)
/opt/devkitpro/devkitARM/arm-none-eabi/lib/libm.a(lib_a-e_log.o)
                              /opt/devkitpro/devkitARM/arm-none-eabi/lib/libm.a(lib_a-w_log.o) (__ieee754_log)
/opt/devkitpro/devkitARM/arm-none-eabi/lib/libm.a(lib_a-s_finite.o)
                              /opt/devkitpro/devkitARM/arm-none-eabi/lib/libm.a(lib_a-w_exp.o) (finite)
/opt/devkitpro/devkitARM/arm-none-eabi/lib/libm.a(lib_a-s_lib_ver.o)
                              /opt/devkitpro/devkitARM/arm-none-eabi/lib/libm.a(lib_a-w_exp.o) (__fdlib_version)
/opt/devkitpro/devkitARM/arm-none-eabi/lib/libm.a(lib_a-s_nan.o)
                              /opt/devkitpro/devkitARM/arm-none-eabi/lib/libm.a(lib_a-w_log.o) (nan)
/opt/devkitpro/devkitARM/lib/gcc/arm-none-eabi/10.1.0/libgcc.a(_arm_muldf3.o)
                              adsr.o (__aeabi_dmul)
/opt/devkitpro/devkitARM/lib/gcc/arm-none-eabi/10.1.0/libgcc.a(_arm_mulsf3.o)
                              adsr.o (__aeabi_fmul)
/opt/devkitpro/devkitARM/lib/gcc/arm-none-eabi/10.1.0/libgcc.a(_divsi3.o)
                              mytimers.o (__aeabi_idiv)
/opt/devkitpro/devkitARM/lib/gcc/arm-none-eabi/10.1.0/libgcc.a(_dvmd_tls.o)
                              /opt/devkitpro/devkitARM/lib/gcc/arm-none-eabi/10.1.0/libgcc.a(_divsi3.o) (__aeabi_idiv0)
/opt/devkitpro/devkitARM/lib/gcc/arm-none-eabi/10.1.0/libgcc.a(_arm_addsubdf3.o)
[...]
Memory Configuration

Name             Origin             Length             Attributes
ewram            0x0000000002000000 0x0000000000380000
dtcm             0x000000000b000000 0x0000000000004000
vectors          0x0000000001000000 0x0000000000000100
itcm             0x0000000001000100 0x0000000000007f00
*default*        0x0000000000000000 0xffffffffffffffff

Linker script and memory map

                0x0000000002380000                __ewram_end = (ORIGIN (ewram) + LENGTH (ewram))
                0x0000000002380000                __eheap_end = (ORIGIN (ewram) + LENGTH (ewram))
                0x000000000b004000                __dtcm_top = (ORIGIN (dtcm) + LENGTH (dtcm))
                0x000000000b003ff8                __irq_flags = (__dtcm_top - 0x8)
                0x000000000b003ffc                __irq_vector = (__dtcm_top - 0x4)
                0x000000000b003f00                __sp_svc = (__dtcm_top - 0x100)
                0x000000000b003e00                __sp_irq = (__sp_svc - 0x100)
                0x000000000b003d00                __sp_usr = (__sp_irq - 0x100)

.secure         0x0000000002000000      0x800
 *(.secure)
 .secure        0x0000000002000000      0x800 /opt/devkitpro/libnds/lib/libnds9.a(securearea.o)
                0x0000000002000000                __secure_area__

.crt0           0x0000000002000800      0x300
                0x0000000002000800                __text_start = .
 *(.crt0)
 .crt0          0x0000000002000800      0x300 /opt/devkitpro/devkitARM/lib/gcc/arm-none-eabi/10.1.0/../../../../arm-none-eabi/lib/ds_arm9_crt0.o
                0x0000000002000800                _start
                0x0000000002000b00                . = ALIGN (0x4)

.plt
 *(.plt)

.init           0x0000000002000b00       0x18
 *(SORT_NONE(.init))
 .init          0x0000000002000b00        0xc /opt/devkitpro/devkitARM/lib/gcc/arm-none-eabi/10.1.0/crti.o
                0x0000000002000b00                _init
 .init          0x0000000002000b0c        0xc /opt/devkitpro/devkitARM/lib/gcc/arm-none-eabi/10.1.0/crtn.o

.text           0x0000000002000b18    0x10a48
 *(EXCLUDE_FILE(*.twl* *.vectors* *.itcm*) .text)
 .text          0x0000000002000b18      0xe34 menus.o
                0x0000000002000b18                makeMeSomeButtons
                0x0000000002000c88                setMenuUP
                0x0000000002000fac                isWeHasButton
                0x000000000200181c                keysDownOnly
 .text          0x000000000200194c      0x7a0 adsr.o
                0x000000000200194c                initADSR
                0x0000000002001ae4                destroyADSR
                0x0000000002001ae8                setAttackRate
                0x0000000002001b90                setDecayRate
                0x0000000002001c5c                setReleaseRate
                0x0000000002001d20                calcCoef
                0x0000000002001d88                setSustainLevel
                0x0000000002001dec                setTargetRatioA
                0x0000000002001e94                setTargetRatioDR
                0x0000000002001f7c                process
                0x0000000002002088                gate
                0x00000000020020c0                getState
                0x00000000020020c8                resetADSR
                0x00000000020020e4                getOutput
 .text          0x00000000020020ec      0x604 mytimers.o
                0x00000000020020ec                effective
                0x000000000200264c                effect
                0x00000000020026b0                theBeat
                0x00000000020026ec                effectcallback
 .text          0x00000000020026f0      0x9d4 extras.o
                0x00000000020026f0                powfer
                0x000000000200274c                chrootnote
                0x000000000200285c                makeNotes
                0x0000000002002914                doKeys
                0x0000000002002a50                withIn
                0x0000000002002a64                doWD
                0x0000000002002aa4                doPAN
                0x0000000002002ae0                doVOLUME
                0x0000000002002af0                clearanarray
                0x0000000002002b00                get_volume
                0x0000000002002b30                kill_me
                0x0000000002002b54                touch_me
                0x0000000002002c54                hold_me
                0x0000000002002c6c                release_me
                0x0000000002002c94                play_with_me
                0x0000000002002d18                play_with_everyone
                0x0000000002003074                drone_me
                0x00000000020030a4                PANIC
 .text          0x00000000020030c4      0x198 /opt/devkitpro/devkitARM/lib/gcc/arm-none-eabi/10.1.0/libgcc.a(_arm_mulsf3.o)
                0x00000000020030c4                __mulsf3
                0x00000000020030c4                __aeabi_fmul
 .text          0x000000000200325c      0x148 /opt/devkitpro/devkitARM/lib/gcc/arm-none-eabi/10.1.0/libgcc.a(_divsi3.o)
                0x000000000200325c                __aeabi_idiv
                0x000000000200325c                __divsi3
                0x0000000002003384                __aeabi_idivmod
 .text          0x00000000020033a4        0x4 /opt/devkitpro/devkitARM/lib/gcc/arm-none-eabi/10.1.0/libgcc.a(_dvmd_tls.o)
                0x00000000020033a4                __aeabi_ldiv0
                0x00000000020033a4                __aeabi_idiv0
 .text          0x00000000020033a8      0x424 /opt/devkitpro/devkitARM/lib/gcc/arm-none-eabi/10.1.0/libgcc.a(_arm_addsubdf3.o)
                0x00000000020033a8                __aeabi_drsub
                0x00000000020033b0                __aeabi_dsub
                0x00000000020033b0                __subdf3
                0x00000000020033b4                __adddf3
                0x00000000020033b4                __aeabi_dadd
                0x00000000020036c4                __aeabi_ui2d
                0x00000000020036c4                __floatunsidf
                0x00000000020036e8                __floatsidf
                0x00000000020036e8                __aeabi_i2d
                0x0000000002003710                __extendsfdf2
                0x0000000002003710                __aeabi_f2d
                0x0000000002003758                __aeabi_ul2d
                0x0000000002003758                __floatundidf
                0x000000000200376c                __floatdidf
                0x000000000200376c                __aeabi_l2d
 .text          0x00000000020037cc      0x49c /opt/devkitpro/devkitARM/lib/gcc/arm-none-eabi/10.1.0/libgcc.a(_arm_muldivdf3.o)
                0x00000000020037cc                __aeabi_dmul
                0x00000000020037cc                __muldf3
                0x0000000002003a5c                __aeabi_ddiv
                0x0000000002003a5c                __divdf3
 .text          0x0000000002003c68      0x144 /opt/devkitpro/devkitARM/lib/gcc/arm-none-eabi/10.1.0/libgcc.a(_arm_cmpdf2.o)
                0x0000000002003c68                __gtdf2
                0x0000000002003c68                __gedf2
                0x0000000002003c70                __ltdf2
                0x0000000002003c70                __ledf2
                0x0000000002003c78                __cmpdf2
                0x0000000002003c78                __eqdf2
                0x0000000002003c78                __nedf2
                0x0000000002003d00                __aeabi_cdrcmple
                0x0000000002003d1c                __aeabi_cdcmple
                0x0000000002003d1c                __aeabi_cdcmpeq
                0x0000000002003d34                __aeabi_dcmpeq
                0x0000000002003d4c                __aeabi_dcmplt
                0x0000000002003d64                __aeabi_dcmple
                0x0000000002003d7c                __aeabi_dcmpge
                0x0000000002003d94                __aeabi_dcmpgt
 .text          0x0000000002003dac       0x38 /opt/devkitpro/devkitARM/lib/gcc/arm-none-eabi/10.1.0/libgcc.a(_arm_unorddf2.o)
                0x0000000002003dac                __aeabi_dcmpun
                0x0000000002003dac                __unorddf2
 .text          0x0000000002003de4       0x5c /opt/devkitpro/devkitARM/lib/gcc/arm-none-eabi/10.1.0/libgcc.a(_arm_fixdfsi.o)
                0x0000000002003de4                __fixdfsi
                0x0000000002003de4                __aeabi_d2iz
 .text          0x0000000002003e40       0x54 /opt/devkitpro/devkitARM/lib/gcc/arm-none-eabi/10.1.0/libgcc.a(_arm_fixunsdfsi.o)
                0x0000000002003e40                __fixunsdfsi
                0x0000000002003e40                __aeabi_d2uiz
 .text          0x0000000002003e94       0xa0 /opt/devkitpro/devkitARM/lib/gcc/arm-none-eabi/10.1.0/libgcc.a(_arm_truncdfsf2.o)
                0x0000000002003e94                __aeabi_d2f
                0x0000000002003e94                __truncdfsf2
 .text          0x0000000002003f34      0x2ac /opt/devkitpro/devkitARM/lib/gcc/arm-none-eabi/10.1.0/libgcc.a(_arm_addsubsf3.o)
                0x0000000002003f34                __aeabi_frsub
                0x0000000002003f3c                __subsf3
                0x0000000002003f3c                __aeabi_fsub
                0x0000000002003f40                __aeabi_fadd
                0x0000000002003f40                __addsf3
                0x00000000020040fc                __aeabi_ui2f
                0x00000000020040fc                __floatunsisf
                0x0000000002004104                __aeabi_i2f
                0x0000000002004104                __floatsisf
                0x0000000002004124                __floatundisf
                0x0000000002004124                __aeabi_ul2f
                0x0000000002004134                __floatdisf
                0x0000000002004134                __aeabi_l2f
 .text          0x00000000020041e0      0x114 /opt/devkitpro/devkitARM/lib/gcc/arm-none-eabi/10.1.0/libgcc.a(_arm_cmpsf2.o)
                0x00000000020041e0                __gtsf2
                0x00000000020041e0                __gesf2
                0x00000000020041e8                __lesf2
                0x00000000020041e8                __ltsf2
                0x00000000020041f0                __nesf2
                0x00000000020041f0                __eqsf2
                0x00000000020041f0                __cmpsf2
                0x0000000002004254                __aeabi_cfrcmple
                0x0000000002004264                __aeabi_cfcmple
                0x0000000002004264                __aeabi_cfcmpeq
                0x000000000200427c                __aeabi_fcmpeq
                0x0000000002004294                __aeabi_fcmplt
                0x00000000020042ac                __aeabi_fcmple
                0x00000000020042c4                __aeabi_fcmpge
                0x00000000020042dc                __aeabi_fcmpgt
 .text          0x00000000020042f4       0x54 /opt/devkitpro/devkitARM/lib/gcc/arm-none-eabi/10.1.0/libgcc.a(_arm_fixunssfsi.o)
                0x00000000020042f4                __aeabi_f2uiz
                0x00000000020042f4                __fixunssfsi
 .text          0x0000000002004348      0x224 /opt/devkitpro/devkitARM/arm-none-eabi/lib/libg.a(lib_a-strcmp.o)
                0x0000000002004348                strcmp
 .text          0x000000000200456c      0x114 /opt/devkitpro/devkitARM/lib/gcc/arm-none-eabi/10.1.0/libgcc.a(_udivsi3.o)
                0x000000000200456c                __udivsi3
                0x000000000200456c                __aeabi_uidiv
                0x0000000002004660                __aeabi_uidivmod
 .text          0x0000000002004680       0x3c /opt/devkitpro/devkitARM/lib/gcc/arm-none-eabi/10.1.0/libgcc.a(_aeabi_uldivmod.o)
                0x0000000002004680                __aeabi_uldivmod
 .text          0x00000000020046bc       0x28 /opt/devkitpro/devkitARM/lib/gcc/arm-none-eabi/10.1.0/libgcc.a(_clzdi2.o)
                0x00000000020046bc                __clzdi2
 .text          0x00000000020046e4       0x48 /opt/devkitpro/devkitARM/lib/gcc/arm-none-eabi/10.1.0/libgcc.a(_clzsi2.o)
                0x00000000020046e4                __clzsi2
 *(EXCLUDE_FILE(*.twl* *.vectors* *.itcm*) .stub)
 *(EXCLUDE_FILE(*.twl* *.vectors* *.itcm*) .text.*)
 .text.deregister_tm_clones
                0x000000000200472c       0x2c /opt/devkitpro/devkitARM/lib/gcc/arm-none-eabi/10.1.0/crtbegin.o
 .text.register_tm_clones
                0x0000000002004758       0x38 /opt/devkitpro/devkitARM/lib/gcc/arm-none-eabi/10.1.0/crtbegin.o
 .text.__do_global_dtors_aux
                0x0000000002004790       0x44 /opt/devkitpro/devkitARM/lib/gcc/arm-none-eabi/10.1.0/crtbegin.o
 .text.frame_dummy
                0x00000000020047d4       0x34 /opt/devkitpro/devkitARM/lib/gcc/arm-none-eabi/10.1.0/crtbegin.o
 .text.startup  0x0000000002004808      0x600 main9.o
                0x0000000002004808                main
 .text.checkIfText
                0x0000000002004e08       0x5c /opt/devkitpro/libnds/lib/libnds9.a(background.o)
                0x0000000002004e08                checkIfText
 .text.bgUpdate
                0x0000000002004e64       0xf4 /opt/devkitpro/libnds/lib/libnds9.a(background.o)
                0x0000000002004e64                bgUpdate
 .text.bgInit_call
                0x0000000002004f58       0xc4 /opt/devkitpro/libnds/lib/libnds9.a(background.o)
                0x0000000002004f58                bgInit_call
 .text.bgInitSub_call
                0x000000000200501c       0xcc /opt/devkitpro/libnds/lib/libnds9.a(background.o)
                0x000000000200501c                bgInitSub_call
 .text.touchRead
                0x00000000020050e8       0x24 /opt/devkitpro/libnds/lib/libnds9.a(touch.o)
                0x00000000020050e8                touchRead
 .text.newRow   0x000000000200510c       0xb0 /opt/devkitpro/libnds/lib/libnds9.a(console.o)
 .text.consolePrintChar
                0x00000000020051bc       0xec /opt/devkitpro/libnds/lib/libnds9.a(console.o)
                0x00000000020051bc                consolePrintChar
 .text.con_write
                0x00000000020052a8      0x374 /opt/devkitpro/libnds/lib/libnds9.a(console.o)
                0x00000000020052a8                con_write
 .text.consoleLoadFont
                0x000000000200561c      0x2a8 /opt/devkitpro/libnds/lib/libnds9.a(console.o)
                0x000000000200561c                consoleLoadFont
 .text.consoleInit
                0x00000000020058c4      0x194 /opt/devkitpro/libnds/lib/libnds9.a(console.o)
                0x00000000020058c4                consoleInit
 .text.consoleDemoInit
                0x0000000002005a58       0x40 /opt/devkitpro/libnds/lib/libnds9.a(console.o)
                0x0000000002005a58                consoleDemoInit
 .text.sinLutLookup
                0x0000000002005a98       0x38 /opt/devkitpro/libnds/lib/libnds9.a(trig.o)
                0x0000000002005a98                sinLutLookup
 .text.sinLerp  0x0000000002005ad0       0x40 /opt/devkitpro/libnds/lib/libnds9.a(trig.o)
                0x0000000002005ad0                sinLerp
 .text.cosLerp  0x0000000002005b10       0x4c /opt/devkitpro/libnds/lib/libnds9.a(trig.o)
                0x0000000002005b10                cosLerp
 .text.soundEnable
                0x0000000002005b5c       0x10 /opt/devkitpro/libnds/lib/libnds9.a(sound.o)
                0x0000000002005b5c                soundEnable
 .text.soundPlayPSG
                0x0000000002005b6c       0x34 /opt/devkitpro/libnds/lib/libnds9.a(sound.o)
                0x0000000002005b6c                soundPlayPSG
 .text.soundKill
                0x0000000002005ba0       0x14 /opt/devkitpro/libnds/lib/libnds9.a(sound.o)
                0x0000000002005ba0                soundKill
 .text.soundSetVolume
                0x0000000002005bb4       0x14 /opt/devkitpro/libnds/lib/libnds9.a(sound.o)
                0x0000000002005bb4                soundSetVolume
 .text.soundSetPan
                0x0000000002005bc8       0x10 /opt/devkitpro/libnds/lib/libnds9.a(sound.o)
                0x0000000002005bc8                soundSetPan
 .text.soundSetWaveDuty
                0x0000000002005bd8       0x14 /opt/devkitpro/libnds/lib/libnds9.a(sound.o)
                0x0000000002005bd8                soundSetWaveDuty
 .text.scanKeys
                0x0000000002005bec       0x8c /opt/devkitpro/libnds/lib/libnds9.a(keys.o)
                0x0000000002005bec                scanKeys
 .text.keysHeld
                0x0000000002005c78        0xc /opt/devkitpro/libnds/lib/libnds9.a(keys.o)
                0x0000000002005c78                keysHeld
 .text.keysDown
                0x0000000002005c84       0x14 /opt/devkitpro/libnds/lib/libnds9.a(keys.o)
                0x0000000002005c84                keysDown
 .text.keysUp   0x0000000002005c98       0x18 /opt/devkitpro/libnds/lib/libnds9.a(keys.o)
                0x0000000002005c98                keysUp
 .text.initSystem
                0x0000000002005cb0      0x198 /opt/devkitpro/libnds/lib/libnds9.a(initSystem.o)
                0x0000000002005cb0                initSystem
 .text.__libnds_gtod
                0x0000000002005e48       0x28 /opt/devkitpro/libnds/lib/libnds9.a(timeSupport.o)
                0x0000000002005e48                __libnds_gtod
 .text.timerStop
                0x0000000002005e70       0x40 /opt/devkitpro/libnds/lib/libnds9.a(timers.o)
                0x0000000002005e70                timerStop
 .text.irqDummy
                0x0000000002005eb0        0x4 /opt/devkitpro/libnds/lib/libnds9.a(interrupts.o)
                0x0000000002005eb0                irqDummy
 .text.irqSet   0x0000000002005eb4       0x6c /opt/devkitpro/libnds/lib/libnds9.a(interrupts.o)
                0x0000000002005eb4                irqSet
 .text.irqInit  0x0000000002005f20       0x50 /opt/devkitpro/libnds/lib/libnds9.a(interrupts.o)
                0x0000000002005f20                irqInit
 .text.irqEnable
                0x0000000002005f70       0x64 /opt/devkitpro/libnds/lib/libnds9.a(interrupts.o)
                0x0000000002005f70                irqEnable
 .text.systemErrorExit
                0x0000000002005fd4        0x4 /opt/devkitpro/libnds/lib/libnds9.a(libnds_exit.arm.o)
                0x0000000002005fd4                systemErrorExit
 .text.__libnds_exit
                0x0000000002005fd8       0x5c /opt/devkitpro/libnds/lib/libnds9.a(libnds_exit.arm.o)
                0x0000000002005fd8                __libnds_exit
 .text.fifo_queueBlock
                0x0000000002006034       0x44 /opt/devkitpro/libnds/lib/libnds9.a(fifosystem.o)
 .text.fifo_waitBlock
                0x0000000002006078       0x80 /opt/devkitpro/libnds/lib/libnds9.a(fifosystem.o)
 .text.fifoInternalSend.part.0
                0x00000000020060f8       0xd4 /opt/devkitpro/libnds/lib/libnds9.a(fifosystem.o)
 .text.fifoInternalSendInterrupt
                0x00000000020061cc       0xa8 /opt/devkitpro/libnds/lib/libnds9.a(fifosystem.o)
 .text.fifoSetValue32Handler
                0x0000000002006274       0xd8 /opt/devkitpro/libnds/lib/libnds9.a(fifosystem.o)
                0x0000000002006274                fifoSetValue32Handler
 .text.fifoSendValue32
                0x000000000200634c       0x4c /opt/devkitpro/libnds/lib/libnds9.a(fifosystem.o)
                0x000000000200634c                fifoSendValue32
 .text.fifoSendDatamsg
                0x0000000002006398       0x90 /opt/devkitpro/libnds/lib/libnds9.a(fifosystem.o)
                0x0000000002006398                fifoSendDatamsg
 .text.fifoGetValue32
                0x0000000002006428       0x70 /opt/devkitpro/libnds/lib/libnds9.a(fifosystem.o)
                0x0000000002006428                fifoGetValue32
 .text.fifoGetDatamsg
                0x0000000002006498       0xf4 /opt/devkitpro/libnds/lib/libnds9.a(fifosystem.o)
                0x0000000002006498                fifoGetDatamsg
 .text.fifoInternalRecvInterrupt
                0x000000000200658c      0x380 /opt/devkitpro/libnds/lib/libnds9.a(fifosystem.o)
 .text.fifoSetDatamsgHandler
                0x000000000200690c       0x9c /opt/devkitpro/libnds/lib/libnds9.a(fifosystem.o)
                0x000000000200690c                fifoSetDatamsgHandler
 .text.fifoCheckValue32
                0x00000000020069a8       0x24 /opt/devkitpro/libnds/lib/libnds9.a(fifosystem.o)
                0x00000000020069a8                fifoCheckValue32
 .text.fifoInit
                0x00000000020069cc       0xf8 /opt/devkitpro/libnds/lib/libnds9.a(fifosystem.o)
                0x00000000020069cc                fifoInit
 .text.__libnds_mpu_setup
                0x0000000002006ac4      0x174 /opt/devkitpro/libnds/lib/libnds9.a(mpu_setup.o)
                0x0000000002006ac4                __libnds_mpu_setup
 .text.memUncached
                0x0000000002006c38       0x20 /opt/devkitpro/libnds/lib/libnds9.a(mpu_setup.o)
                0x0000000002006c38                memUncached
 .text.swiWaitForVBlank
                0x0000000002006c58        0x8 /opt/devkitpro/libnds/lib/libnds9.a(IntrWait.o)
                0x0000000002006c58                swiWaitForVBlank
 .text.swiIntrWait
                0x0000000002006c60       0x70 /opt/devkitpro/libnds/lib/libnds9.a(IntrWait.o)
                0x0000000002006c60                swiIntrWait
 .text.setCpuClock
                0x0000000002006cd0       0x50 /opt/devkitpro/libnds/lib/libnds9.a(cpu_clock.o)
                0x0000000002006cd0                setCpuClock
 .text.swiSoftReset
                0x0000000002006d20       0x2c /opt/devkitpro/libnds/lib/libnds9.a(swiSoftReset.o)
                0x0000000002006d20                swiSoftReset
 .text.vramDefault
                0x0000000002006d4c       0xd0 /opt/devkitpro/libnds/lib/libnds9.a(video.o)
                0x0000000002006d4c                vramDefault
 .text.systemValueHandler
                0x0000000002006e1c       0x48 /opt/devkitpro/libnds/lib/libnds9.a(system.o)
                0x0000000002006e1c                systemValueHandler
 .text.systemMsgHandler
                0x0000000002006e64       0x60 /opt/devkitpro/libnds/lib/libnds9.a(system.o)
                0x0000000002006e64                systemMsgHandler
 .text.powerOn  0x0000000002006ec4       0x2c /opt/devkitpro/libnds/lib/libnds9.a(system.o)
                0x0000000002006ec4                powerOn
 .text.swiDelay
                0x0000000002006ef0        0x4 /opt/devkitpro/libnds/lib/libnds9.a(biosCalls.o)
                0x0000000002006ef0                swiDelay
 *fill*         0x0000000002006ef4        0x4 ff
 .text.exp      0x0000000002006ef8       0xd0 /opt/devkitpro/devkitARM/arm-none-eabi/lib/libm.a(lib_a-w_exp.o)
                0x0000000002006ef8                exp
 .text.log      0x0000000002006fc8       0xe8 /opt/devkitpro/devkitARM/arm-none-eabi/lib/libm.a(lib_a-w_log.o)
                0x0000000002006fc8                log
 .text.__ieee754_exp
                0x00000000020070b0      0x4f8 /opt/devkitpro/devkitARM/arm-none-eabi/lib/libm.a(lib_a-e_exp.o)
                0x00000000020070b0                __ieee754_exp
 .text.__ieee754_log
                0x00000000020075a8      0x590 /opt/devkitpro/devkitARM/arm-none-eabi/lib/libm.a(lib_a-e_log.o)
                0x00000000020075a8                __ieee754_log
 .text.finite   0x0000000002007b38       0x10 /opt/devkitpro/devkitARM/arm-none-eabi/lib/libm.a(lib_a-s_finite.o)
                0x0000000002007b38                finite
 .text.nan      0x0000000002007b48       0x10 /opt/devkitpro/devkitARM/arm-none-eabi/lib/libm.a(lib_a-s_nan.o)
                0x0000000002007b48                nan
 .text.__errno  0x0000000002007b58       0x10 /opt/devkitpro/devkitARM/arm-none-eabi/lib/libg.a(lib_a-errno.o)
                0x0000000002007b58                __errno
 .text.__libc_init_array
                0x0000000002007b68       0x88 /opt/devkitpro/devkitARM/arm-none-eabi/lib/libg.a(lib_a-init.o)
                0x0000000002007b68                __libc_init_array
 .text.iprintf  0x0000000002007bf0       0x34 /opt/devkitpro/devkitARM/arm-none-eabi/lib/libg.a(lib_a-iprintf.o)
                0x0000000002007bf0                iprintf
 .text.malloc   0x0000000002007c24       0x1c /opt/devkitpro/devkitARM/arm-none-eabi/lib/libg.a(lib_a-malloc.o)
                0x0000000002007c24                malloc
 .text.free     0x0000000002007c40       0x1c /opt/devkitpro/devkitARM/arm-none-eabi/lib/libg.a(lib_a-malloc.o)
                0x0000000002007c40                free
 .text._malloc_r
                0x0000000002007c5c      0x800 /opt/devkitpro/devkitARM/arm-none-eabi/lib/libg.a(lib_a-mallocr.o)
                0x0000000002007c5c                _malloc_r
 .text.memcpy   0x000000000200845c      0x120 /opt/devkitpro/devkitARM/arm-none-eabi/lib/libg.a(lib_a-memcpy-stub.o)
                0x000000000200845c                memcpy
 .text.memset   0x000000000200857c      0x11c /opt/devkitpro/devkitARM/arm-none-eabi/lib/libg.a(lib_a-memset.o)
                0x000000000200857c                memset
 .text.__malloc_lock
                0x0000000002008698       0x18 /opt/devkitpro/devkitARM/arm-none-eabi/lib/libg.a(lib_a-mlock.o)
                0x0000000002008698                __malloc_lock
 .text.__malloc_unlock
                0x00000000020086b0       0x18 /opt/devkitpro/devkitARM/arm-none-eabi/lib/libg.a(lib_a-mlock.o)
                0x00000000020086b0                __malloc_unlock
 .text.setvbuf  0x00000000020086c8      0x268 /opt/devkitpro/devkitARM/arm-none-eabi/lib/libg.a(lib_a-setvbuf.o)
                0x00000000020086c8                setvbuf
 .text.siscanf  0x0000000002008930       0x74 /opt/devkitpro/devkitARM/arm-none-eabi/lib/libg.a(lib_a-siscanf.o)
                0x0000000002008930                siscanf
 .text.__sread  0x00000000020089a4       0x4c /opt/devkitpro/devkitARM/arm-none-eabi/lib/libg.a(lib_a-stdio.o)
                0x00000000020089a4                __sread
 .text.__seofread
                0x00000000020089f0        0x8 /opt/devkitpro/devkitARM/arm-none-eabi/lib/libg.a(lib_a-stdio.o)
                0x00000000020089f0                __seofread
 .text.__swrite
                0x00000000020089f8       0x6c /opt/devkitpro/devkitARM/arm-none-eabi/lib/libg.a(lib_a-stdio.o)
                0x00000000020089f8                __swrite
 .text.__sseek  0x0000000002008a64       0x4c /opt/devkitpro/devkitARM/arm-none-eabi/lib/libg.a(lib_a-stdio.o)
                0x0000000002008a64                __sseek
 .text.__sclose
                0x0000000002008ab0       0x14 /opt/devkitpro/devkitARM/arm-none-eabi/lib/libg.a(lib_a-stdio.o)
                0x0000000002008ab0                __sclose
 .text.strlen   0x0000000002008ac4       0x60 /opt/devkitpro/devkitARM/arm-none-eabi/lib/libg.a(lib_a-strlen-stub.o)
                0x0000000002008ac4                strlen
 .text.get_arg  0x0000000002008b24       0x54 /opt/devkitpro/devkitARM/arm-none-eabi/lib/libg.a(lib_a-svfiscanf.o)
 .text._sungetc_r
                0x0000000002008b78       0xe4 /opt/devkitpro/devkitARM/arm-none-eabi/lib/libg.a(lib_a-svfiscanf.o)
                0x0000000002008b78                _sungetc_r
 .text.__ssrefill_r
                0x0000000002008c5c       0x68 /opt/devkitpro/devkitARM/arm-none-eabi/lib/libg.a(lib_a-svfiscanf.o)
                0x0000000002008c5c                __ssrefill_r
 .text._sfread_r
                0x0000000002008cc4       0xcc /opt/devkitpro/devkitARM/arm-none-eabi/lib/libg.a(lib_a-svfiscanf.o)
                0x0000000002008cc4                _sfread_r
 .text.__ssvfiscanf_r
                0x0000000002008d90     0x233c /opt/devkitpro/devkitARM/arm-none-eabi/lib/libg.a(lib_a-svfiscanf.o)
                0x0000000002008d90                __ssvfiscanf_r
 .text.__submore
                0x000000000200b0cc       0xb0 /opt/devkitpro/devkitARM/arm-none-eabi/lib/libg.a(lib_a-ungetc.o)
                0x000000000200b0cc                __submore
 .text.get_arg  0x000000000200b17c      0x64c /opt/devkitpro/devkitARM/arm-none-eabi/lib/libg.a(lib_a-vfiprintf.o)
 .text.__sprint_r
                0x000000000200b7c8       0x34 /opt/devkitpro/devkitARM/arm-none-eabi/lib/libg.a(lib_a-vfiprintf.o)
                0x000000000200b7c8                __sprint_r
 .text._vfiprintf_r
                0x000000000200b7fc     0x2598 /opt/devkitpro/devkitARM/arm-none-eabi/lib/libg.a(lib_a-vfiprintf.o)
                0x000000000200b7fc                _vfiprintf_r
 .text.__sbprintf
                0x000000000200dd94       0xd4 /opt/devkitpro/devkitARM/arm-none-eabi/lib/libg.a(lib_a-vfiprintf.o)
 .text._wcrtomb_r
                0x000000000200de68       0x5c /opt/devkitpro/devkitARM/arm-none-eabi/lib/libg.a(lib_a-wcrtomb.o)
                0x000000000200de68                _wcrtomb_r
 .text._wcsrtombs_r
                0x000000000200dec4       0x2c /opt/devkitpro/devkitARM/arm-none-eabi/lib/libg.a(lib_a-wcsrtombs.o)
                0x000000000200dec4                _wcsrtombs_r
 .text.__swsetup_r
                0x000000000200def0      0x160 /opt/devkitpro/devkitARM/arm-none-eabi/lib/libg.a(lib_a-wsetup.o)
                0x000000000200def0                __swsetup_r
 .text.__sflush_r
                0x000000000200e050      0x280 /opt/devkitpro/devkitARM/arm-none-eabi/lib/libg.a(lib_a-fflush.o)
                0x000000000200e050                __sflush_r
 .text._fflush_r
                0x000000000200e2d0       0x9c /opt/devkitpro/devkitARM/arm-none-eabi/lib/libg.a(lib_a-fflush.o)
                0x000000000200e2d0                _fflush_r
 .text._cleanup_r
                0x000000000200e36c       0x18 /opt/devkitpro/devkitARM/arm-none-eabi/lib/libg.a(lib_a-findfp.o)
                0x000000000200e36c                _cleanup_r
 .text.__sinit  0x000000000200e384      0x18c /opt/devkitpro/devkitARM/arm-none-eabi/lib/libg.a(lib_a-findfp.o)
                0x000000000200e384                __sinit
 .text.__sfp_lock_acquire
                0x000000000200e510       0x18 /opt/devkitpro/devkitARM/arm-none-eabi/lib/libg.a(lib_a-findfp.o)
                0x000000000200e510                __sfp_lock_acquire
 .text.__sfp_lock_release
                0x000000000200e528       0x18 /opt/devkitpro/devkitARM/arm-none-eabi/lib/libg.a(lib_a-findfp.o)
                0x000000000200e528                __sfp_lock_release
 .text._malloc_trim_r
                0x000000000200e540      0x100 /opt/devkitpro/devkitARM/arm-none-eabi/lib/libg.a(lib_a-freer.o)
                0x000000000200e540                _malloc_trim_r
 .text._free_r  0x000000000200e640      0x2e0 /opt/devkitpro/devkitARM/arm-none-eabi/lib/libg.a(lib_a-freer.o)
                0x000000000200e640                _free_r
 .text.__sfvwrite_r
                0x000000000200e920      0x4d0 /opt/devkitpro/devkitARM/arm-none-eabi/lib/libg.a(lib_a-fvwrite.o)
                0x000000000200e920                __sfvwrite_r
 .text._fwalk_reent
                0x000000000200edf0       0x78 /opt/devkitpro/devkitARM/arm-none-eabi/lib/libg.a(lib_a-fwalk.o)
                0x000000000200edf0                _fwalk_reent
 .text.iswspace
                0x000000000200ee68       0x14 /opt/devkitpro/devkitARM/arm-none-eabi/lib/libg.a(lib_a-iswspace.o)
                0x000000000200ee68                iswspace
 .text._localeconv_r
                0x000000000200ee7c        0xc /opt/devkitpro/devkitARM/arm-none-eabi/lib/libg.a(lib_a-localeconv.o)
                0x000000000200ee7c                _localeconv_r
 .text.__locale_mb_cur_max
                0x000000000200ee88       0x10 /opt/devkitpro/devkitARM/arm-none-eabi/lib/libg.a(lib_a-locale.o)
                0x000000000200ee88                __locale_mb_cur_max
 .text.__smakebuf_r
                0x000000000200ee98      0x144 /opt/devkitpro/devkitARM/arm-none-eabi/lib/libg.a(lib_a-makebuf.o)
                0x000000000200ee98                __smakebuf_r
 .text.__swhatbuf_r
                0x000000000200efdc       0xa0 /opt/devkitpro/devkitARM/arm-none-eabi/lib/libg.a(lib_a-makebuf.o)
                0x000000000200efdc                __swhatbuf_r
 .text._mbrtowc_r
                0x000000000200f07c       0x70 /opt/devkitpro/devkitARM/arm-none-eabi/lib/libg.a(lib_a-mbrtowc.o)
                0x000000000200f07c                _mbrtowc_r
 .text.__utf8_mbtowc
                0x000000000200f0ec      0x308 /opt/devkitpro/devkitARM/arm-none-eabi/lib/libg.a(lib_a-mbtowc_r.o)
                0x000000000200f0ec                __utf8_mbtowc
 .text.memchr   0x000000000200f3f4       0xf0 /opt/devkitpro/devkitARM/arm-none-eabi/lib/libg.a(lib_a-memchr-stub.o)
                0x000000000200f3f4                memchr
 .text.memmove  0x000000000200f4e4      0x158 /opt/devkitpro/devkitARM/arm-none-eabi/lib/libg.a(lib_a-memmove.o)
                0x000000000200f4e4                memmove
 .text.realloc  0x000000000200f63c       0x24 /opt/devkitpro/devkitARM/arm-none-eabi/lib/libg.a(lib_a-realloc.o)
                0x000000000200f63c                realloc
 .text._realloc_r
                0x000000000200f660      0x5ac /opt/devkitpro/devkitARM/arm-none-eabi/lib/libg.a(lib_a-reallocr.o)
                0x000000000200f660                _realloc_r
 .text.__sccl   0x000000000200fc0c       0xe8 /opt/devkitpro/devkitARM/arm-none-eabi/lib/libg.a(lib_a-sccl.o)
                0x000000000200fc0c                __sccl
 .text.strncpy  0x000000000200fcf4       0xcc /opt/devkitpro/devkitARM/arm-none-eabi/lib/libg.a(lib_a-strncpy.o)
                0x000000000200fcf4                strncpy
 .text._strtoll_l.constprop.0
                0x000000000200fdc0      0x230 /opt/devkitpro/devkitARM/arm-none-eabi/lib/libg.a(lib_a-strtoll.o)
 .text._strtoll_r
                0x000000000200fff0        0x4 /opt/devkitpro/devkitARM/arm-none-eabi/lib/libg.a(lib_a-strtoll.o)
                0x000000000200fff0                _strtoll_r
 .text._strtol_l.part.0
                0x000000000200fff4      0x1b4 /opt/devkitpro/devkitARM/arm-none-eabi/lib/libg.a(lib_a-strtol.o)
 .text._strtol_r
                0x00000000020101a8       0x3c /opt/devkitpro/devkitARM/arm-none-eabi/lib/libg.a(lib_a-strtol.o)
                0x00000000020101a8                _strtol_r
 .text._strtoull_l.constprop.0
                0x00000000020101e4      0x248 /opt/devkitpro/devkitARM/arm-none-eabi/lib/libg.a(lib_a-strtoull.o)
 .text._strtoull_r
                0x000000000201042c        0x4 /opt/devkitpro/devkitARM/arm-none-eabi/lib/libg.a(lib_a-strtoull.o)
                0x000000000201042c                _strtoull_r
 .text._strtoul_l.constprop.0
                0x0000000002010430      0x1cc /opt/devkitpro/devkitARM/arm-none-eabi/lib/libg.a(lib_a-strtoul.o)
 .text._strtoul_r
                0x00000000020105fc        0x4 /opt/devkitpro/devkitARM/arm-none-eabi/lib/libg.a(lib_a-strtoul.o)
                0x00000000020105fc                _strtoul_r
 .text._wcsnrtombs_l
                0x0000000002010600      0x1a0 /opt/devkitpro/devkitARM/arm-none-eabi/lib/libg.a(lib_a-wcsnrtombs.o)
                0x0000000002010600                _wcsnrtombs_l
 .text._wcsnrtombs_r
                0x00000000020107a0       0x50 /opt/devkitpro/devkitARM/arm-none-eabi/lib/libg.a(lib_a-wcsnrtombs.o)
                0x00000000020107a0                _wcsnrtombs_r
 .text.__utf8_wctomb
                0x00000000020107f0       0xf4 /opt/devkitpro/devkitARM/arm-none-eabi/lib/libg.a(lib_a-wctomb_r.o)
                0x00000000020107f0                __utf8_wctomb
 .text._fclose_r
                0x00000000020108e4      0x16c /opt/devkitpro/devkitARM/arm-none-eabi/lib/libg.a(lib_a-fclose.o)
                0x00000000020108e4                _fclose_r
 .text.iswspace_l
                0x0000000002010a50       0x44 /opt/devkitpro/devkitARM/arm-none-eabi/lib/libg.a(lib_a-iswspace_l.o)
                0x0000000002010a50                iswspace_l
 .text.__jp2uc  0x0000000002010a94      0x1e4 /opt/devkitpro/devkitARM/arm-none-eabi/lib/libg.a(lib_a-jp2uc.o)
 .text._jp2uc_l
                0x0000000002010c78       0x94 /opt/devkitpro/devkitARM/arm-none-eabi/lib/libg.a(lib_a-jp2uc.o)
                0x0000000002010c78                _jp2uc_l
 .text.category
                0x0000000002010d0c       0x8c /opt/devkitpro/devkitARM/arm-none-eabi/lib/libg.a(lib_a-categories.o)
                0x0000000002010d0c                category
 .text.null_write
                0x0000000002010d98        0x8 /opt/devkitpro/devkitARM/arm-none-eabi/lib/libsysbase.a(iosupport.o)
 .text._fstat_r
                0x0000000002010da0       0x7c /opt/devkitpro/devkitARM/arm-none-eabi/lib/libsysbase.a(fstat.o)
                0x0000000002010da0                _fstat_r
 .text._isatty_r
                0x0000000002010e1c        0x8 /opt/devkitpro/devkitARM/arm-none-eabi/lib/libsysbase.a(isatty.o)
                0x0000000002010e1c                _isatty_r
 .text._lseek_r
                0x0000000002010e24       0x88 /opt/devkitpro/devkitARM/arm-none-eabi/lib/libsysbase.a(lseek.o)
                0x0000000002010e24                _lseek_r
 .text._read_r  0x0000000002010eac       0x84 /opt/devkitpro/devkitARM/arm-none-eabi/lib/libsysbase.a(read.o)
                0x0000000002010eac                _read_r
 .text._sbrk_r  0x0000000002010f30       0x7c /opt/devkitpro/devkitARM/arm-none-eabi/lib/libsysbase.a(sbrk.o)
                0x0000000002010f30                _sbrk_r
 .text._write_r
                0x0000000002010fac       0x84 /opt/devkitpro/devkitARM/arm-none-eabi/lib/libsysbase.a(write.o)
                0x0000000002010fac                _write_r
 .text.build_argv
                0x0000000002011030       0x80 /opt/devkitpro/devkitARM/arm-none-eabi/lib/libsysbase.a(build_argv.o)
                0x0000000002011030                build_argv
 .text.__flockfile
                0x00000000020110b0       0x14 /opt/devkitpro/devkitARM/arm-none-eabi/lib/libsysbase.a(flock.o)
                0x00000000020110b0                __flockfile
 .text.__funlockfile
                0x00000000020110c4       0x14 /opt/devkitpro/devkitARM/arm-none-eabi/lib/libsysbase.a(flock.o)
                0x00000000020110c4                __funlockfile
 .text.__libc_lock_acquire
                0x00000000020110d8       0x18 /opt/devkitpro/devkitARM/arm-none-eabi/lib/libsysbase.a(syscall_support.o)
                0x00000000020110d8                __libc_lock_acquire
 .text.__libc_lock_release
                0x00000000020110f0       0x18 /opt/devkitpro/devkitARM/arm-none-eabi/lib/libsysbase.a(syscall_support.o)
                0x00000000020110f0                __libc_lock_release
 .text.__libc_lock_init_recursive
                0x0000000002011108       0x18 /opt/devkitpro/devkitARM/arm-none-eabi/lib/libsysbase.a(syscall_support.o)
                0x0000000002011108                __libc_lock_init_recursive
 .text.__libc_lock_acquire_recursive
                0x0000000002011120       0x18 /opt/devkitpro/devkitARM/arm-none-eabi/lib/libsysbase.a(syscall_support.o)
                0x0000000002011120                __libc_lock_acquire_recursive
 .text.__libc_lock_release_recursive
                0x0000000002011138       0x18 /opt/devkitpro/devkitARM/arm-none-eabi/lib/libsysbase.a(syscall_support.o)
                0x0000000002011138                __libc_lock_release_recursive
 .text.__libc_lock_close_recursive
                0x0000000002011150       0x18 /opt/devkitpro/devkitARM/arm-none-eabi/lib/libsysbase.a(syscall_support.o)
                0x0000000002011150                __libc_lock_close_recursive
 .text.__get_handle
                0x0000000002011168       0x40 /opt/devkitpro/devkitARM/arm-none-eabi/lib/libsysbase.a(handle_manager.o)
                0x0000000002011168                __get_handle
 .text._close_r
                0x00000000020111a8       0xfc /opt/devkitpro/devkitARM/arm-none-eabi/lib/libsysbase.a(handle_manager.o)
                0x00000000020111a8                _close_r
 .text.__getreent
                0x00000000020112a4       0x24 /opt/devkitpro/devkitARM/arm-none-eabi/lib/libsysbase.a(getreent.o)
                0x00000000020112a4                __getreent
 .text.__udivmoddi4
                0x00000000020112c8      0x128 /opt/devkitpro/devkitARM/lib/gcc/arm-none-eabi/10.1.0/libgcc.a(_udivmoddi4.o)
                0x00000000020112c8                __udivmoddi4
 .text.__udivmoddi4.__stub
                0x00000000020113f0      0x128 linker stubs
 *(EXCLUDE_FILE(*.twl*) .gnu.warning)
 *(EXCLUDE_FILE(*.twl*) .gnu.linkonce.t*)
 *(.glue_7)
 .glue_7        0x0000000002011560        0x0 linker stubs
 *(.glue_7t)
 .glue_7t       0x0000000002011560        0x0 linker stubs
                0x0000000002011560                . = ALIGN (0x4)

.vfp11_veneer   0x0000000002011560        0x0
 .vfp11_veneer  0x0000000002011560        0x0 linker stubs

.v4_bx          0x0000000002011560        0x0
 .v4_bx         0x0000000002011560        0x0 linker stubs

.iplt           0x0000000002011560        0x0
 .iplt          0x0000000002011560        0x0 /opt/devkitpro/devkitARM/lib/gcc/arm-none-eabi/10.1.0/../../../../arm-none-eabi/lib/ds_arm9_crt0.o

.fini           0x0000000002011560       0x18
 *(.fini)
 .fini          0x0000000002011560        0xc /opt/devkitpro/devkitARM/lib/gcc/arm-none-eabi/10.1.0/crti.o
                0x0000000002011560                _fini
 .fini          0x000000000201156c        0xc /opt/devkitpro/devkitARM/lib/gcc/arm-none-eabi/10.1.0/crtn.o
                0x0000000002011578                __text_end = .

.rodata         0x0000000002011578    0x395ac
 *(EXCLUDE_FILE(*.twl*) .rodata)
 .rodata        0x0000000002011578     0xc200 menu3.o
                0x0000000002011578                menu3Bitmap
                0x000000000201d578                menu3Pal
 .rodata        0x000000000201d778     0xc200 menu5.o
                0x000000000201d778                menu5Bitmap
                0x0000000002029778                menu5Pal
 .rodata        0x0000000002029978     0xc200 menu1.o
                0x0000000002029978                menu1Bitmap
                0x0000000002035978                menu1Pal
 .rodata        0x0000000002035b78     0xc200 menu2.o
                0x0000000002035b78                menu2Bitmap
                0x0000000002041b78                menu2Pal
 .rodata        0x0000000002041d78     0x2004 /opt/devkitpro/libnds/lib/libnds9.a(default_font.bin.o)
                0x0000000002041d78                default_font_bin
                0x0000000002043d78                default_font_bin_end
                0x0000000002043d78                default_font_bin_size
 *all.rodata*(*)
 *(EXCLUDE_FILE(*.twl*) .roda)
 *(EXCLUDE_FILE(*.twl*) .rodata.*)
 .rodata.str1.4
                0x0000000002043d7c        0x7 main9.o
 *fill*         0x0000000002043d83        0x1 ff
 .rodata.str1.4
                0x0000000002043d84        0xa extras.o
 *fill*         0x0000000002043d8e        0x2 ff
 .rodata.con_write.str1.4
                0x0000000002043d90       0x30 /opt/devkitpro/libnds/lib/libnds9.a(console.o)
 .rodata.con_write
                0x0000000002043dc0       0xd4 /opt/devkitpro/libnds/lib/libnds9.a(console.o)
 .rodata.str1.4
                0x0000000002043e94       0x14 /opt/devkitpro/libnds/lib/libnds9.a(console.o)
 .rodata.dotab_stdout
                0x0000000002043ea8       0x70 /opt/devkitpro/libnds/lib/libnds9.a(console.o)
 .rodata.SIN_LUT
                0x0000000002043f18      0x102 /opt/devkitpro/libnds/lib/libnds9.a(trig.o)
                0x0000000002043f18                SIN_LUT
 .rodata.log.str1.4
                0x000000000204401a       0x14 /opt/devkitpro/devkitARM/arm-none-eabi/lib/libm.a(lib_a-w_log.o)
                                          0x1 (size before relaxing)
 *fill*         0x000000000204401a        0x6 ff
 .rodata.halF   0x0000000002044020       0x10 /opt/devkitpro/devkitARM/arm-none-eabi/lib/libm.a(lib_a-e_exp.o)
 .rodata.ln2HI  0x0000000002044030       0x10 /opt/devkitpro/devkitARM/arm-none-eabi/lib/libm.a(lib_a-e_exp.o)
 .rodata.ln2LO  0x0000000002044040       0x10 /opt/devkitpro/devkitARM/arm-none-eabi/lib/libm.a(lib_a-e_exp.o)
 .rodata.basefix.0
                0x0000000002044050       0x22 /opt/devkitpro/devkitARM/arm-none-eabi/lib/libg.a(lib_a-svfiscanf.o)
 .rodata._vfiprintf_r.str1.1
                0x0000000002044072       0x29 /opt/devkitpro/devkitARM/arm-none-eabi/lib/libg.a(lib_a-vfiprintf.o)
 *fill*         0x000000000204409b        0x1 ff
 .rodata.blanks.1
                0x000000000204409c       0x10 /opt/devkitpro/devkitARM/arm-none-eabi/lib/libg.a(lib_a-vfiprintf.o)
 .rodata.zeroes.0
                0x00000000020440ac       0x10 /opt/devkitpro/devkitARM/arm-none-eabi/lib/libg.a(lib_a-vfiprintf.o)
 .rodata._ctype_
                0x00000000020440bc      0x101 /opt/devkitpro/devkitARM/arm-none-eabi/lib/libg.a(lib_a-ctype_.o)
                0x00000000020440bc                _ctype_
 *fill*         0x00000000020441bd        0x3 ff
 .rodata.str1.4
                0x00000000020441c0       0x48 /opt/devkitpro/devkitARM/arm-none-eabi/lib/libg.a(lib_a-locale.o)
                                         0x4c (size before relaxing)
 .rodata._mbrtowc_r.str1.4
                0x0000000002044208        0x1 /opt/devkitpro/devkitARM/arm-none-eabi/lib/libg.a(lib_a-mbrtowc.o)
 .rodata.__action_table
                0x0000000002044208       0x6c /opt/devkitpro/devkitARM/arm-none-eabi/lib/libg.a(lib_a-svfiprintf.o)
                0x0000000002044208                __action_table
 .rodata.__chclass
                0x0000000002044274      0x100 /opt/devkitpro/devkitARM/arm-none-eabi/lib/libg.a(lib_a-svfiprintf.o)
                0x0000000002044274                __chclass
 .rodata.__state_table
                0x0000000002044374       0x6c /opt/devkitpro/devkitARM/arm-none-eabi/lib/libg.a(lib_a-svfiprintf.o)
                0x0000000002044374                __state_table
 .rodata._jp2uc_l.str1.4
                0x00000000020443e0       0x12 /opt/devkitpro/devkitARM/arm-none-eabi/lib/libg.a(lib_a-jp2uc.o)
 *fill*         0x00000000020443f2        0x2 ff
 .rodata.a1     0x00000000020443f4       0xbc /opt/devkitpro/devkitARM/arm-none-eabi/lib/libg.a(lib_a-jp2uc.o)
 .rodata.a2     0x00000000020444b0       0xbc /opt/devkitpro/devkitARM/arm-none-eabi/lib/libg.a(lib_a-jp2uc.o)
 .rodata.a3     0x000000000204456c       0x5b /opt/devkitpro/devkitARM/arm-none-eabi/lib/libg.a(lib_a-jp2uc.o)
 *fill*         0x00000000020445c7        0x1 ff
 .rodata.a6     0x00000000020445c8       0x70 /opt/devkitpro/devkitARM/arm-none-eabi/lib/libg.a(lib_a-jp2uc.o)
 .rodata.a7     0x0000000002044638       0xa2 /opt/devkitpro/devkitARM/arm-none-eabi/lib/libg.a(lib_a-jp2uc.o)
 *fill*         0x00000000020446da        0x2 ff
 .rodata.a8     0x00000000020446dc       0x40 /opt/devkitpro/devkitARM/arm-none-eabi/lib/libg.a(lib_a-jp2uc.o)
 .rodata.b02cf  0x000000000204471c     0x172a /opt/devkitpro/devkitARM/arm-none-eabi/lib/libg.a(lib_a-jp2uc.o)
 *fill*         0x0000000002045e46        0x2 ff
 .rodata.d02f4  0x0000000002045e48     0x1a7c /opt/devkitpro/devkitARM/arm-none-eabi/lib/libg.a(lib_a-jp2uc.o)
 .rodata.categories
                0x00000000020478c4     0x31e6 /opt/devkitpro/devkitARM/arm-none-eabi/lib/libg.a(lib_a-categories.o)
 *fill*         0x000000000204aaaa        0x2 ff
 .rodata.AddDevice.str1.4
                0x000000000204aaac        0x8 /opt/devkitpro/devkitARM/arm-none-eabi/lib/libsysbase.a(iosupport.o)
 .rodata.dotab_stdnull
                0x000000000204aab4       0x70 /opt/devkitpro/devkitARM/arm-none-eabi/lib/libsysbase.a(iosupport.o)
                0x000000000204aab4                dotab_stdnull
 *(EXCLUDE_FILE(*.twl*) .gnu.linkonce.r*)
                0x000000000204ab24                . = ALIGN (0x4)

.ARM.extab
 *(.ARM.extab* .gnu.linkonce.armextab.*)
                0x000000000204ab24                __exidx_start = .

ARM.exidx
 *(.ARM.exidx* .gnu.linkonce.armexidx.*)
                0x000000000204ab24                __exidx_end = .
                0x000000000204ab24                . = ALIGN (0x4)
                0x000000000204ab24                PROVIDE (__preinit_array_start = .)

.preinit_array
 *(.preinit_array)
                0x000000000204ab24                PROVIDE (__preinit_array_end = .)
                0x000000000204ab24                PROVIDE (__init_array_start = .)

.init_array     0x000000000204ab24        0x4
 *(SORT_BY_NAME(.init_array.*))
 *(.init_array)
 .init_array    0x000000000204ab24        0x4 /opt/devkitpro/devkitARM/lib/gcc/arm-none-eabi/10.1.0/crtbegin.o
                0x000000000204ab28                PROVIDE (__init_array_end = .)
                [!provide]                        PROVIDE (__fini_array_start = .)

.fini_array     0x000000000204ab28        0x4
 *(.fini_array)
 .fini_array    0x000000000204ab28        0x4 /opt/devkitpro/devkitARM/lib/gcc/arm-none-eabi/10.1.0/crtbegin.o
 *(SORT_BY_NAME(.fini_array.*))
                [!provide]                        PROVIDE (__fini_array_end = .)

.ctors          0x000000000204ab2c        0x0
 *crtbegin.o(.ctors)
 *(EXCLUDE_FILE(*crtend.o) .ctors)
 *(SORT_BY_NAME(.ctors.*))
 *(.ctors)
                0x000000000204ab2c                . = ALIGN (0x4)

.dtors          0x000000000204ab2c        0x0
 *crtbegin.o(.dtors)
 *(EXCLUDE_FILE(*crtend.o) .dtors)
 *(SORT_BY_NAME(.dtors.*))
 *(.dtors)
                0x000000000204ab2c                . = ALIGN (0x4)

.eh_frame       0x000000000204ab2c        0x4
 *(.eh_frame)
 .eh_frame      0x000000000204ab2c        0x0 /opt/devkitpro/devkitARM/lib/gcc/arm-none-eabi/10.1.0/crtbegin.o
 .eh_frame      0x000000000204ab2c        0x4 /opt/devkitpro/devkitARM/lib/gcc/arm-none-eabi/10.1.0/crtend.o
                0x000000000204ab30                . = ALIGN (0x4)

.rel.dyn        0x000000000204ab30        0x0
 .rel.iplt      0x000000000204ab30        0x0 /opt/devkitpro/devkitARM/lib/gcc/arm-none-eabi/10.1.0/../../../../arm-none-eabi/lib/ds_arm9_crt0.o

.gcc_except_table
                0x000000000204ab30        0x0
 *(.gcc_except_table)
                0x000000000204ab30                . = ALIGN (0x4)

.jcr
 *(.jcr)

.got
 *(.got.plt)
 *(.got)
 *(.rel.got)

.ewram          0x000000000204ab30        0x0
                0x000000000204ab30                __ewram_start = ABSOLUTE (.)
 *(.ewram)
 *ewram.*(.text)
                0x000000000204ab30                . = ALIGN (0x4)

.data           0x000000000204ab30     0x1bb8
                0x000000000204ab30                __data_start = ABSOLUTE (.)
 *(EXCLUDE_FILE(*.twl*) .data)
 .data          0x000000000204ab30       0x28 /opt/devkitpro/libnds/lib/libnds9.a(mpu_setup.o)
 *(EXCLUDE_FILE(*.twl*) .data.*)
 .data.bgControl
                0x000000000204ab58       0x20 /opt/devkitpro/libnds/lib/libnds9.a(background.o)
                0x000000000204ab58                bgControl
 .data.bgScrollTable
                0x000000000204ab78       0x20 /opt/devkitpro/libnds/lib/libnds9.a(background.o)
                0x000000000204ab78                bgScrollTable
 .data.bgTransform
                0x000000000204ab98       0x20 /opt/devkitpro/libnds/lib/libnds9.a(background.o)
                0x000000000204ab98                bgTransform
 .data.currentConsole
                0x000000000204abb8        0x4 /opt/devkitpro/libnds/lib/libnds9.a(console.o)
                0x000000000204abb8                currentConsole
 .data.defaultConsole
                0x000000000204abbc       0x5c /opt/devkitpro/libnds/lib/libnds9.a(console.o)
                0x000000000204abbc                defaultConsole
 .data.firstConsoleInit.0
                0x000000000204ac18        0x1 /opt/devkitpro/libnds/lib/libnds9.a(console.o)
 .data.count    0x000000000204ac19        0x1 /opt/devkitpro/libnds/lib/libnds9.a(keys.o)
 .data.delay    0x000000000204ac1a        0x1 /opt/devkitpro/libnds/lib/libnds9.a(keys.o)
 .data.repeat   0x000000000204ac1b        0x1 /opt/devkitpro/libnds/lib/libnds9.a(keys.o)
 .data.fifo_buffer_free
                0x000000000204ac1c        0x4 /opt/devkitpro/libnds/lib/libnds9.a(fifosystem.o)
                0x000000000204ac1c                fifo_buffer_free
 .data.fifo_freewords
                0x000000000204ac20        0x4 /opt/devkitpro/libnds/lib/libnds9.a(fifosystem.o)
                0x000000000204ac20                fifo_freewords
 .data.fifo_receive_queue
                0x000000000204ac24        0x4 /opt/devkitpro/libnds/lib/libnds9.a(fifosystem.o)
                0x000000000204ac24                fifo_receive_queue
 .data.fifo_send_queue
                0x000000000204ac28        0x4 /opt/devkitpro/libnds/lib/libnds9.a(fifosystem.o)
                0x000000000204ac28                fifo_send_queue
 .data.__fdlib_version
                0x000000000204ac2c        0x1 /opt/devkitpro/devkitARM/arm-none-eabi/lib/libm.a(lib_a-s_lib_ver.o)
                0x000000000204ac2c                __fdlib_version
 *fill*         0x000000000204ac2d        0x3 ff
 .data.__malloc_av_
                0x000000000204ac30      0x408 /opt/devkitpro/devkitARM/arm-none-eabi/lib/libg.a(lib_a-mallocr.o)
                0x000000000204ac30                __malloc_av_
 .data.__malloc_sbrk_base
                0x000000000204b038        0x4 /opt/devkitpro/devkitARM/arm-none-eabi/lib/libg.a(lib_a-mallocr.o)
                0x000000000204b038                __malloc_sbrk_base
 .data.__malloc_trim_threshold
                0x000000000204b03c        0x4 /opt/devkitpro/devkitARM/arm-none-eabi/lib/libg.a(lib_a-mallocr.o)
                0x000000000204b03c                __malloc_trim_threshold
 .data.__malloc_recursive_mutex
                0x000000000204b040        0xc /opt/devkitpro/devkitARM/arm-none-eabi/lib/libg.a(lib_a-mlock.o)
 .data.__sfp_recursive_mutex
                0x000000000204b04c        0xc /opt/devkitpro/devkitARM/arm-none-eabi/lib/libg.a(lib_a-findfp.o)
 .data.__sinit_recursive_mutex
                0x000000000204b058        0xc /opt/devkitpro/devkitARM/arm-none-eabi/lib/libg.a(lib_a-findfp.o)
 .data._impure_ptr
                0x000000000204b064        0x4 /opt/devkitpro/devkitARM/arm-none-eabi/lib/libg.a(lib_a-impure.o)
                0x000000000204b064                _impure_ptr
 .data.impure_data
                0x000000000204b068      0x460 /opt/devkitpro/devkitARM/arm-none-eabi/lib/libg.a(lib_a-impure.o)
 .data.__global_locale
                0x000000000204b4c8      0x16c /opt/devkitpro/devkitARM/arm-none-eabi/lib/libg.a(lib_a-locale.o)
                0x000000000204b4c8                __global_locale
 .data.devoptab_list
                0x000000000204b634       0x8c /opt/devkitpro/devkitARM/arm-none-eabi/lib/libsysbase.a(iosupport.o)
                0x000000000204b634                devoptab_list
 .data.__hndl_lock
                0x000000000204b6c0        0x4 /opt/devkitpro/devkitARM/arm-none-eabi/lib/libsysbase.a(handle_manager.o)
 .data.__stderr_handle
                0x000000000204b6c4        0xc /opt/devkitpro/devkitARM/arm-none-eabi/lib/libsysbase.a(handle_manager.o)
 .data.__stdin_handle
                0x000000000204b6d0        0xc /opt/devkitpro/devkitARM/arm-none-eabi/lib/libsysbase.a(handle_manager.o)
 .data.__stdout_handle
                0x000000000204b6dc        0xc /opt/devkitpro/devkitARM/arm-none-eabi/lib/libsysbase.a(handle_manager.o)
 .data.handles  0x000000000204b6e8     0x1000 /opt/devkitpro/devkitARM/arm-none-eabi/lib/libsysbase.a(handle_manager.o)
 *(EXCLUDE_FILE(*.twl*) .gnu.linkonce.d*)
                0x000000000204c6e8                . = ALIGN (0x4)
                0x000000000204c6e8                __data_end = ABSOLUTE (.)
                0x000000000204c6e8                __bss_vma = .

.igot.plt       0x000000000204c6e8        0x0
 .igot.plt      0x000000000204c6e8        0x0 /opt/devkitpro/devkitARM/lib/gcc/arm-none-eabi/10.1.0/../../../../arm-none-eabi/lib/ds_arm9_crt0.o

.tm_clone_table
                0x000000000204c6e8        0x0
 .tm_clone_table
                0x000000000204c6e8        0x0 /opt/devkitpro/devkitARM/lib/gcc/arm-none-eabi/10.1.0/crtbegin.o
 .tm_clone_table
                0x000000000204c6e8        0x0 /opt/devkitpro/devkitARM/lib/gcc/arm-none-eabi/10.1.0/crtend.o

.dtcm           0x000000000b000000        0x0 load address 0x000000000204c6e8
                0x000000000204c6e8                __dtcm_lma = LOADADDR (.dtcm)
                0x000000000b000000                __dtcm_start = ABSOLUTE (.)
 *(.dtcm)
 *(.dtcm.*)
                0x000000000b000000                . = ALIGN (0x4)
                0x000000000b000000                __dtcm_end = ABSOLUTE (.)

.itcm           0x0000000001000100      0x194 load address 0x000000000204c6e8
                0x000000000204c6e8                __itcm_lma = LOADADDR (.itcm)
                0x0000000001000100                __itcm_start = ABSOLUTE (.)
 *(.itcm)
 .itcm          0x0000000001000100       0xc8 /opt/devkitpro/libnds/lib/libnds9.a(interrupts.o)
                0x0000000001000100                irqTable
 .itcm          0x00000000010001c8       0xcc /opt/devkitpro/libnds/lib/libnds9.a(interruptDispatcher.o)
                0x00000000010001c8                IntrMain
 *.itcm*(.text .stub .text.*)
                0x0000000001000294                . = ALIGN (0x4)
                0x0000000001000294                __itcm_end = ABSOLUTE (.)

.vectors        0x0000000001000000        0x0 load address 0x000000000204c87c
                0x000000000204c87c                __vectors_lma = LOADADDR (.vectors)
                0x0000000001000000                __vectors_start = ABSOLUTE (.)
 *(.vectors .vectors.*)
                0x0000000001000000                . = ALIGN (0x4)
                0x0000000001000000                __vectors_end = ABSOLUTE (.)

.sbss           0x000000000b000000        0x0
                0x000000000b000000                __sbss_start = ABSOLUTE (.)
                0x000000000b000000                __sbss_start__ = ABSOLUTE (.)
 *(.sbss)
                0x000000000b000000                . = ALIGN (0x4)
                0x000000000b000000                __sbss_end = ABSOLUTE (.)

.bss            0x000000000204c6e8      0xf84
                0x000000000204c6e8                __bss_start = ABSOLUTE (.)
                0x000000000204c6e8                __bss_start__ = ABSOLUTE (.)
 *(EXCLUDE_FILE(*.twl*) .dynbss)
 *(EXCLUDE_FILE(*.twl*) .gnu.linkonce.b*)
 *(EXCLUDE_FILE(*.twl*) .bss*)
 .bss.completed.1
                0x000000000204c6e8        0x1 /opt/devkitpro/devkitARM/lib/gcc/arm-none-eabi/10.1.0/crtbegin.o
 *fill*         0x000000000204c6e9        0x3 
 .bss.object.0  0x000000000204c6ec       0x18 /opt/devkitpro/devkitARM/lib/gcc/arm-none-eabi/10.1.0/crtbegin.o
 *fill*         0x000000000204c704        0x4 
 .bss           0x000000000204c708      0x1e8 menus.o
                0x000000000204c708                majorb
                0x000000000204c718                minorb
                0x000000000204c728                melminb
                0x000000000204c738                phrygb
                0x000000000204c748                bluesb
                0x000000000204c758                octdb
                0x000000000204c768                octub
                0x000000000204c778                keyab
                0x000000000204c788                keyasb
                0x000000000204c798                keybb
                0x000000000204c7a8                keycb
                0x000000000204c7b8                keycsb
                0x000000000204c7c8                keydb
                0x000000000204c7d8                keydsb
                0x000000000204c7e8                keyeb
                0x000000000204c7f8                keyfb
                0x000000000204c808                keyfsb
                0x000000000204c818                keygb
                0x000000000204c828                keygsb
                0x000000000204c838                wdab
                0x000000000204c848                wdbb
                0x000000000204c858                wdcb
                0x000000000204c868                wddb
                0x000000000204c878                wdeb
                0x000000000204c888                wdfb
                0x000000000204c898                trem
                0x000000000204c8a8                cscreen
                0x000000000204c8ac                rLease
                0x000000000204c8bc                aTack
                0x000000000204c8cc                vRamp
                0x000000000204c8dc                pRamp
                0x000000000204c8ec                menuon
 .bss           0x000000000204c8f0       0x3c main9.o
                0x000000000204c8f0                wOval
                0x000000000204c8f1                fTri
                0x000000000204c8f4                wovalate
                0x000000000204c8f8                ftriangulate
                0x000000000204c8fc                curkey
                0x000000000204c900                octave
                0x000000000204c904                pitching
                0x000000000204c908                volbent
                0x000000000204c90c                wCycle
                0x000000000204c910                nVolume
                0x000000000204c911                nPan
                0x000000000204c914                bpm
                0x000000000204c918                hpm
                0x000000000204c91c                lpm
                0x000000000204c920                bg3
                0x000000000204c924                whammy
                0x000000000204c928                bg3sub
 .bss           0x000000000204c92c       0xb8 extras.o
                0x000000000204c92c                root
                0x000000000204c930                notes
                0x000000000204c94a                scale
                0x000000000204c94c                keys
                0x000000000204c95c                ids
                0x000000000204c97c                sound_envelope
                0x000000000204c99c                noteHeld
                0x000000000204c9a4                volumes
                0x000000000204c9ac                noted
                0x000000000204c9cc                p
                0x000000000204c9d0                v
                0x000000000204c9d4                drone
                0x000000000204c9d8                ppeak
                0x000000000204c9dc                myPan
 .bss.bgIsTextLut
                0x000000000204c9e4        0x8 /opt/devkitpro/libnds/lib/libnds9.a(background.o)
                0x000000000204c9e4                bgIsTextLut
 .bss.bgState   0x000000000204c9ec      0x140 /opt/devkitpro/libnds/lib/libnds9.a(background.o)
                0x000000000204c9ec                bgState
 .bss.currentCopy
                0x000000000204cb2c       0x5c /opt/devkitpro/libnds/lib/libnds9.a(console.o)
                0x000000000204cb2c                currentCopy
 .bss.keys      0x000000000204cb88        0x2 /opt/devkitpro/libnds/lib/libnds9.a(keys.o)
 .bss.keysold   0x000000000204cb8a        0x2 /opt/devkitpro/libnds/lib/libnds9.a(keys.o)
 .bss.keysrepeat
                0x000000000204cb8c        0x2 /opt/devkitpro/libnds/lib/libnds9.a(keys.o)
 .bss.__dsimode
                0x000000000204cb8e        0x1 /opt/devkitpro/libnds/lib/libnds9.a(initSystem.o)
                0x000000000204cb8e                __dsimode
 *fill*         0x000000000204cb8f        0x1 
 .bss.punixTime
                0x000000000204cb90        0x4 /opt/devkitpro/libnds/lib/libnds9.a(timeSupport.o)
                0x000000000204cb90                punixTime
 .bss.elapsed   0x000000000204cb94        0x8 /opt/devkitpro/libnds/lib/libnds9.a(timers.o)
                0x000000000204cb94                elapsed
 .bss.fifo_address_data
                0x000000000204cb9c       0x40 /opt/devkitpro/libnds/lib/libnds9.a(fifosystem.o)
                0x000000000204cb9c                fifo_address_data
 .bss.fifo_address_func
                0x000000000204cbdc       0x40 /opt/devkitpro/libnds/lib/libnds9.a(fifosystem.o)
                0x000000000204cbdc                fifo_address_func
 .bss.fifo_address_queue
                0x000000000204cc1c       0x40 /opt/devkitpro/libnds/lib/libnds9.a(fifosystem.o)
                0x000000000204cc1c                fifo_address_queue
 .bss.fifo_buffer
                0x000000000204cc5c      0x800 /opt/devkitpro/libnds/lib/libnds9.a(fifosystem.o)
                0x000000000204cc5c                fifo_buffer
 .bss.fifo_data_queue
                0x000000000204d45c       0x40 /opt/devkitpro/libnds/lib/libnds9.a(fifosystem.o)
                0x000000000204d45c                fifo_data_queue
 .bss.fifo_datamsg_data
                0x000000000204d49c       0x40 /opt/devkitpro/libnds/lib/libnds9.a(fifosystem.o)
                0x000000000204d49c                fifo_datamsg_data
 .bss.fifo_datamsg_func
                0x000000000204d4dc       0x40 /opt/devkitpro/libnds/lib/libnds9.a(fifosystem.o)
                0x000000000204d4dc                fifo_datamsg_func
 .bss.fifo_value32_data
                0x000000000204d51c       0x40 /opt/devkitpro/libnds/lib/libnds9.a(fifosystem.o)
                0x000000000204d51c                fifo_value32_data
 .bss.fifo_value32_func
                0x000000000204d55c       0x40 /opt/devkitpro/libnds/lib/libnds9.a(fifosystem.o)
                0x000000000204d55c                fifo_value32_func
 .bss.fifo_value32_queue
                0x000000000204d59c       0x40 /opt/devkitpro/libnds/lib/libnds9.a(fifosystem.o)
                0x000000000204d59c                fifo_value32_queue
 .bss.processing
                0x000000000204d5dc        0x4 /opt/devkitpro/libnds/lib/libnds9.a(fifosystem.o)
                0x000000000204d5dc                processing
 .bss.SDcallback
                0x000000000204d5e0        0x4 /opt/devkitpro/libnds/lib/libnds9.a(system.o)
 .bss.__malloc_current_mallinfo
                0x000000000204d5e4       0x28 /opt/devkitpro/devkitARM/arm-none-eabi/lib/libg.a(lib_a-mallocr.o)
                0x000000000204d5e4                __malloc_current_mallinfo
 .bss.__malloc_max_sbrked_mem
                0x000000000204d60c        0x4 /opt/devkitpro/devkitARM/arm-none-eabi/lib/libg.a(lib_a-mallocr.o)
                0x000000000204d60c                __malloc_max_sbrked_mem
 .bss.__malloc_max_total_mem
                0x000000000204d610        0x4 /opt/devkitpro/devkitARM/arm-none-eabi/lib/libg.a(lib_a-mallocr.o)
                0x000000000204d610                __malloc_max_total_mem
 .bss.__malloc_top_pad
                0x000000000204d614        0x4 /opt/devkitpro/devkitARM/arm-none-eabi/lib/libg.a(lib_a-mallocr.o)
                0x000000000204d614                __malloc_top_pad
 .bss.heap_start.0
                0x000000000204d618        0x4 /opt/devkitpro/devkitARM/arm-none-eabi/lib/libsysbase.a(sbrk.o)
 .bss.fake_heap_end
                0x000000000204d61c        0x4 /opt/devkitpro/devkitARM/arm-none-eabi/lib/libsysbase.a(malloc_vars.o)
                0x000000000204d61c                fake_heap_end
 .bss.fake_heap_start
                0x000000000204d620        0x4 /opt/devkitpro/devkitARM/arm-none-eabi/lib/libsysbase.a(malloc_vars.o)
                0x000000000204d620                fake_heap_start
 .bss.__syscalls
                0x000000000204d624       0x48 /opt/devkitpro/devkitARM/arm-none-eabi/lib/libsysbase.a(syscall_support.o)
                0x000000000204d624                __syscalls
 *(EXCLUDE_FILE(*.twl*) COMMON)
                0x000000000204d66c                . = ALIGN (0x4)
                0x000000000204d66c                __bss_end__ = ABSOLUTE (.)
                0x000000000204d66c                __end__ = ABSOLUTE (.)

.twl            0x000000000204d66c        0x0 load address 0x0000000002400000
                0x0000000002400000                __arm9i_lma__ = LOADADDR (.twl)
                0x000000000204d66c                __arm9i_start__ = ABSOLUTE (.)
 *(.twl)
 *.twl*(.text .stub .text.* .gnu.linkonce.t.*)
 *.twl*(.rodata)
 *.twl*(.roda)
 *.twl*(.rodata.*)
 *.twl*(.data)
 *.twl*(.data.*)
 *.twl*(.gnu.linkonce.d*)
                0x000000000204d66c                __arm9i_end__ = ABSOLUTE (.)

.twl_bss        0x000000000204d66c        0x0
                0x000000000204d66c                __twl_bss_start__ = ABSOLUTE (.)
 *(.twl_bss)
 *.twl*(.dynbss)
 *.twl*(.gnu.linkonce.b*)
 *.twl*(.bss*)
 *.twl*(COMMON)
                0x000000000204d66c                . = ALIGN (0x4)
                0x000000000204d66c                __twl_bss_end__ = ABSOLUTE (.)
                0x000000000204d66c                __twl_end__ = ABSOLUTE (.)

.stab
 *(.stab)

.stabstr
 *(.stabstr)

.stab.excl
 *(.stab.excl)

.stab.exclstr
 *(.stab.exclstr)

.stab.index
 *(.stab.index)

.stab.indexstr
 *(.stab.indexstr)

.comment        0x0000000000000000       0x23
 *(.comment)
 .comment       0x0000000000000000       0x23 /opt/devkitpro/devkitARM/lib/gcc/arm-none-eabi/10.1.0/crtbegin.o
                                         0x24 (size before relaxing)
 .comment       0x0000000000000023       0x24 menus.o
 .comment       0x0000000000000023       0x24 adsr.o
 .comment       0x0000000000000023       0x24 main9.o
 .comment       0x0000000000000023       0x24 mytimers.o
 .comment       0x0000000000000023       0x24 extras.o
 .comment       0x0000000000000023       0x24 /opt/devkitpro/libnds/lib/libnds9.a(background.o)
 .comment       0x0000000000000023       0x24 /opt/devkitpro/libnds/lib/libnds9.a(touch.o)
 .comment       0x0000000000000023       0x24 /opt/devkitpro/libnds/lib/libnds9.a(console.o)
 .comment       0x0000000000000023       0x24 /opt/devkitpro/libnds/lib/libnds9.a(trig.o)
 .comment       0x0000000000000023       0x24 /opt/devkitpro/libnds/lib/libnds9.a(sound.o)
 .comment       0x0000000000000023       0x24 /opt/devkitpro/libnds/lib/libnds9.a(keys.o)
 .comment       0x0000000000000023       0x24 /opt/devkitpro/libnds/lib/libnds9.a(initSystem.o)
 .comment       0x0000000000000023       0x24 /opt/devkitpro/libnds/lib/libnds9.a(timeSupport.o)
 .comment       0x0000000000000023       0x24 /opt/devkitpro/libnds/lib/libnds9.a(securearea.o)
 .comment       0x0000000000000023       0x24 /opt/devkitpro/libnds/lib/libnds9.a(timers.o)
 .comment       0x0000000000000023       0x24 /opt/devkitpro/libnds/lib/libnds9.a(interrupts.o)
 .comment       0x0000000000000023       0x24 /opt/devkitpro/libnds/lib/libnds9.a(libnds_exit.arm.o)
 .comment       0x0000000000000023       0x24 /opt/devkitpro/libnds/lib/libnds9.a(fifosystem.o)
 .comment       0x0000000000000023       0x24 /opt/devkitpro/libnds/lib/libnds9.a(video.o)
 .comment       0x0000000000000023       0x24 /opt/devkitpro/libnds/lib/libnds9.a(system.o)
 .comment       0x0000000000000023       0x24 /opt/devkitpro/devkitARM/arm-none-eabi/lib/libm.a(lib_a-w_exp.o)
 .comment       0x0000000000000023       0x24 /opt/devkitpro/devkitARM/arm-none-eabi/lib/libm.a(lib_a-w_log.o)
 .comment       0x0000000000000023       0x24 /opt/devkitpro/devkitARM/arm-none-eabi/lib/libm.a(lib_a-e_exp.o)
 .comment       0x0000000000000023       0x24 /opt/devkitpro/devkitARM/arm-none-eabi/lib/libm.a(lib_a-e_log.o)
 .comment       0x0000000000000023       0x24 /opt/devkitpro/devkitARM/arm-none-eabi/lib/libm.a(lib_a-s_finite.o)
 .comment       0x0000000000000023       0x24 /opt/devkitpro/devkitARM/arm-none-eabi/lib/libm.a(lib_a-s_lib_ver.o)
 .comment       0x0000000000000023       0x24 /opt/devkitpro/devkitARM/arm-none-eabi/lib/libm.a(lib_a-s_nan.o)
 .comment       0x0000000000000023       0x24 /opt/devkitpro/devkitARM/arm-none-eabi/lib/libg.a(lib_a-errno.o)
 .comment       0x0000000000000023       0x24 /opt/devkitpro/devkitARM/arm-none-eabi/lib/libg.a(lib_a-init.o)
 .comment       0x0000000000000023       0x24 /opt/devkitpro/devkitARM/arm-none-eabi/lib/libg.a(lib_a-iprintf.o)
 .comment       0x0000000000000023       0x24 /opt/devkitpro/devkitARM/arm-none-eabi/lib/libg.a(lib_a-malloc.o)
 .comment       0x0000000000000023       0x24 /opt/devkitpro/devkitARM/arm-none-eabi/lib/libg.a(lib_a-mallocr.o)
 .comment       0x0000000000000023       0x24 /opt/devkitpro/devkitARM/arm-none-eabi/lib/libg.a(lib_a-memcpy-stub.o)
 .comment       0x0000000000000023       0x24 /opt/devkitpro/devkitARM/arm-none-eabi/lib/libg.a(lib_a-memset.o)
 .comment       0x0000000000000023       0x24 /opt/devkitpro/devkitARM/arm-none-eabi/lib/libg.a(lib_a-mlock.o)
 .comment       0x0000000000000023       0x24 /opt/devkitpro/devkitARM/arm-none-eabi/lib/libg.a(lib_a-setvbuf.o)
 .comment       0x0000000000000023       0x24 /opt/devkitpro/devkitARM/arm-none-eabi/lib/libg.a(lib_a-siscanf.o)
 .comment       0x0000000000000023       0x24 /opt/devkitpro/devkitARM/arm-none-eabi/lib/libg.a(lib_a-stdio.o)
 .comment       0x0000000000000023       0x24 /opt/devkitpro/devkitARM/arm-none-eabi/lib/libg.a(lib_a-strlen-stub.o)
 .comment       0x0000000000000023       0x24 /opt/devkitpro/devkitARM/arm-none-eabi/lib/libg.a(lib_a-svfiscanf.o)
 .comment       0x0000000000000023       0x24 /opt/devkitpro/devkitARM/arm-none-eabi/lib/libg.a(lib_a-ungetc.o)
 .comment       0x0000000000000023       0x24 /opt/devkitpro/devkitARM/arm-none-eabi/lib/libg.a(lib_a-vfiprintf.o)
 .comment       0x0000000000000023       0x24 /opt/devkitpro/devkitARM/arm-none-eabi/lib/libg.a(lib_a-wcrtomb.o)
 .comment       0x0000000000000023       0x24 /opt/devkitpro/devkitARM/arm-none-eabi/lib/libg.a(lib_a-wcsrtombs.o)
 .comment       0x0000000000000023       0x24 /opt/devkitpro/devkitARM/arm-none-eabi/lib/libg.a(lib_a-wsetup.o)
 .comment       0x0000000000000023       0x24 /opt/devkitpro/devkitARM/arm-none-eabi/lib/libg.a(lib_a-ctype_.o)
 .comment       0x0000000000000023       0x24 /opt/devkitpro/devkitARM/arm-none-eabi/lib/libg.a(lib_a-fflush.o)
 .comment       0x0000000000000023       0x24 /opt/devkitpro/devkitARM/arm-none-eabi/lib/libg.a(lib_a-findfp.o)
 .comment       0x0000000000000023       0x24 /opt/devkitpro/devkitARM/arm-none-eabi/lib/libg.a(lib_a-freer.o)
 .comment       0x0000000000000023       0x24 /opt/devkitpro/devkitARM/arm-none-eabi/lib/libg.a(lib_a-fvwrite.o)
 .comment       0x0000000000000023       0x24 /opt/devkitpro/devkitARM/arm-none-eabi/lib/libg.a(lib_a-fwalk.o)
 .comment       0x0000000000000023       0x24 /opt/devkitpro/devkitARM/arm-none-eabi/lib/libg.a(lib_a-impure.o)
 .comment       0x0000000000000023       0x24 /opt/devkitpro/devkitARM/arm-none-eabi/lib/libg.a(lib_a-iswspace.o)
 .comment       0x0000000000000023       0x24 /opt/devkitpro/devkitARM/arm-none-eabi/lib/libg.a(lib_a-localeconv.o)
 .comment       0x0000000000000023       0x24 /opt/devkitpro/devkitARM/arm-none-eabi/lib/libg.a(lib_a-locale.o)
 .comment       0x0000000000000023       0x24 /opt/devkitpro/devkitARM/arm-none-eabi/lib/libg.a(lib_a-makebuf.o)
 .comment       0x0000000000000023       0x24 /opt/devkitpro/devkitARM/arm-none-eabi/lib/libg.a(lib_a-mbrtowc.o)
 .comment       0x0000000000000023       0x24 /opt/devkitpro/devkitARM/arm-none-eabi/lib/libg.a(lib_a-mbtowc_r.o)
 .comment       0x0000000000000023       0x24 /opt/devkitpro/devkitARM/arm-none-eabi/lib/libg.a(lib_a-memchr-stub.o)
 .comment       0x0000000000000023       0x24 /opt/devkitpro/devkitARM/arm-none-eabi/lib/libg.a(lib_a-memmove.o)
 .comment       0x0000000000000023       0x24 /opt/devkitpro/devkitARM/arm-none-eabi/lib/libg.a(lib_a-realloc.o)
 .comment       0x0000000000000023       0x24 /opt/devkitpro/devkitARM/arm-none-eabi/lib/libg.a(lib_a-reallocr.o)
 .comment       0x0000000000000023       0x24 /opt/devkitpro/devkitARM/arm-none-eabi/lib/libg.a(lib_a-sccl.o)
 .comment       0x0000000000000023       0x24 /opt/devkitpro/devkitARM/arm-none-eabi/lib/libg.a(lib_a-strncpy.o)
 .comment       0x0000000000000023       0x24 /opt/devkitpro/devkitARM/arm-none-eabi/lib/libg.a(lib_a-strtoll.o)
 .comment       0x0000000000000023       0x24 /opt/devkitpro/devkitARM/arm-none-eabi/lib/libg.a(lib_a-strtol.o)
 .comment       0x0000000000000023       0x24 /opt/devkitpro/devkitARM/arm-none-eabi/lib/libg.a(lib_a-strtoull.o)
 .comment       0x0000000000000023       0x24 /opt/devkitpro/devkitARM/arm-none-eabi/lib/libg.a(lib_a-strtoul.o)
 .comment       0x0000000000000023       0x24 /opt/devkitpro/devkitARM/arm-none-eabi/lib/libg.a(lib_a-svfiprintf.o)
 .comment       0x0000000000000023       0x24 /opt/devkitpro/devkitARM/arm-none-eabi/lib/libg.a(lib_a-wcsnrtombs.o)
 .comment       0x0000000000000023       0x24 /opt/devkitpro/devkitARM/arm-none-eabi/lib/libg.a(lib_a-wctomb_r.o)
 .comment       0x0000000000000023       0x24 /opt/devkitpro/devkitARM/arm-none-eabi/lib/libg.a(lib_a-fclose.o)
 .comment       0x0000000000000023       0x24 /opt/devkitpro/devkitARM/arm-none-eabi/lib/libg.a(lib_a-iswspace_l.o)
 .comment       0x0000000000000023       0x24 /opt/devkitpro/devkitARM/arm-none-eabi/lib/libg.a(lib_a-jp2uc.o)
 .comment       0x0000000000000023       0x24 /opt/devkitpro/devkitARM/arm-none-eabi/lib/libg.a(lib_a-categories.o)
 .comment       0x0000000000000023       0x24 /opt/devkitpro/devkitARM/arm-none-eabi/lib/libsysbase.a(iosupport.o)
 .comment       0x0000000000000023       0x24 /opt/devkitpro/devkitARM/arm-none-eabi/lib/libsysbase.a(fstat.o)
 .comment       0x0000000000000023       0x24 /opt/devkitpro/devkitARM/arm-none-eabi/lib/libsysbase.a(isatty.o)
 .comment       0x0000000000000023       0x24 /opt/devkitpro/devkitARM/arm-none-eabi/lib/libsysbase.a(lseek.o)
 .comment       0x0000000000000023       0x24 /opt/devkitpro/devkitARM/arm-none-eabi/lib/libsysbase.a(read.o)
 .comment       0x0000000000000023       0x24 /opt/devkitpro/devkitARM/arm-none-eabi/lib/libsysbase.a(sbrk.o)
 .comment       0x0000000000000023       0x24 /opt/devkitpro/devkitARM/arm-none-eabi/lib/libsysbase.a(write.o)
 .comment       0x0000000000000023       0x24 /opt/devkitpro/devkitARM/arm-none-eabi/lib/libsysbase.a(malloc_vars.o)
 .comment       0x0000000000000023       0x24 /opt/devkitpro/devkitARM/arm-none-eabi/lib/libsysbase.a(build_argv.o)
 .comment       0x0000000000000023       0x24 /opt/devkitpro/devkitARM/arm-none-eabi/lib/libsysbase.a(flock.o)
 .comment       0x0000000000000023       0x24 /opt/devkitpro/devkitARM/arm-none-eabi/lib/libsysbase.a(syscall_support.o)
 .comment       0x0000000000000023       0x24 /opt/devkitpro/devkitARM/arm-none-eabi/lib/libsysbase.a(handle_manager.o)
 .comment       0x0000000000000023       0x24 /opt/devkitpro/devkitARM/arm-none-eabi/lib/libsysbase.a(getreent.o)
 .comment       0x0000000000000023       0x24 /opt/devkitpro/devkitARM/lib/gcc/arm-none-eabi/10.1.0/libgcc.a(_udivmoddi4.o)
 .comment       0x0000000000000023       0x24 /opt/devkitpro/devkitARM/lib/gcc/arm-none-eabi/10.1.0/crtend.o

.ARM.attributes
                0x0000000000000000       0x2d
 .ARM.attributes
                0x0000000000000000       0x21 /opt/devkitpro/devkitARM/lib/gcc/arm-none-eabi/10.1.0/../../../../arm-none-eabi/lib/ds_arm9_crt0.o
 .ARM.attributes
                0x0000000000000021       0x1c /opt/devkitpro/devkitARM/lib/gcc/arm-none-eabi/10.1.0/crti.o
 .ARM.attributes
                0x000000000000003d       0x2a /opt/devkitpro/devkitARM/lib/gcc/arm-none-eabi/10.1.0/crtbegin.o
 .ARM.attributes
                0x0000000000000067       0x27 menus.o
 .ARM.attributes
                0x000000000000008e       0x27 adsr.o
 .ARM.attributes
                0x00000000000000b5       0x27 main9.o
 .ARM.attributes
                0x00000000000000dc       0x27 mytimers.o
 .ARM.attributes
                0x0000000000000103       0x27 extras.o
 .ARM.attributes
                0x000000000000012a       0x1b menu3.o
 .ARM.attributes
                0x0000000000000145       0x1b menu5.o
 .ARM.attributes
                0x0000000000000160       0x1b menu1.o
 .ARM.attributes
                0x000000000000017b       0x1b menu2.o
 .ARM.attributes
                0x0000000000000196       0x2b /opt/devkitpro/libnds/lib/libnds9.a(background.o)
 .ARM.attributes
                0x00000000000001c1       0x2b /opt/devkitpro/libnds/lib/libnds9.a(touch.o)
 .ARM.attributes
                0x00000000000001ec       0x2b /opt/devkitpro/libnds/lib/libnds9.a(console.o)
 .ARM.attributes
                0x0000000000000217       0x2b /opt/devkitpro/libnds/lib/libnds9.a(trig.o)
 .ARM.attributes
                0x0000000000000242       0x2b /opt/devkitpro/libnds/lib/libnds9.a(sound.o)
 .ARM.attributes
                0x000000000000026d       0x2b /opt/devkitpro/libnds/lib/libnds9.a(keys.o)
 .ARM.attributes
                0x0000000000000298       0x2b /opt/devkitpro/libnds/lib/libnds9.a(initSystem.o)
 .ARM.attributes
                0x00000000000002c3       0x2b /opt/devkitpro/libnds/lib/libnds9.a(timeSupport.o)
 .ARM.attributes
                0x00000000000002ee       0x2b /opt/devkitpro/libnds/lib/libnds9.a(securearea.o)
 .ARM.attributes
                0x0000000000000319       0x2b /opt/devkitpro/libnds/lib/libnds9.a(timers.o)
 .ARM.attributes
                0x0000000000000344       0x2b /opt/devkitpro/libnds/lib/libnds9.a(interrupts.o)
 .ARM.attributes
                0x000000000000036f       0x2b /opt/devkitpro/libnds/lib/libnds9.a(libnds_exit.arm.o)
 .ARM.attributes
                0x000000000000039a       0x2b /opt/devkitpro/libnds/lib/libnds9.a(fifosystem.o)
 .ARM.attributes
                0x00000000000003c5       0x21 /opt/devkitpro/libnds/lib/libnds9.a(mpu_setup.o)
 .ARM.attributes
                0x00000000000003e6       0x21 /opt/devkitpro/libnds/lib/libnds9.a(IntrWait.o)
 .ARM.attributes
                0x0000000000000407       0x21 /opt/devkitpro/libnds/lib/libnds9.a(cpu_clock.o)
 .ARM.attributes
                0x0000000000000428       0x1b /opt/devkitpro/libnds/lib/libnds9.a(interruptDispatcher.o)
 .ARM.attributes
                0x0000000000000443       0x21 /opt/devkitpro/libnds/lib/libnds9.a(swiSoftReset.o)
 .ARM.attributes
                0x0000000000000464       0x14 /opt/devkitpro/libnds/lib/libnds9.a(default_font.bin.o)
 .ARM.attributes
                0x0000000000000478       0x2b /opt/devkitpro/libnds/lib/libnds9.a(video.o)
 .ARM.attributes
                0x00000000000004a3       0x2b /opt/devkitpro/libnds/lib/libnds9.a(system.o)
 .ARM.attributes
                0x00000000000004ce       0x1b /opt/devkitpro/libnds/lib/libnds9.a(biosCalls.o)
 .ARM.attributes
                0x00000000000004e9       0x2a /opt/devkitpro/devkitARM/arm-none-eabi/lib/libm.a(lib_a-w_exp.o)
 .ARM.attributes
                0x0000000000000513       0x2a /opt/devkitpro/devkitARM/arm-none-eabi/lib/libm.a(lib_a-w_log.o)
 .ARM.attributes
                0x000000000000053d       0x2a /opt/devkitpro/devkitARM/arm-none-eabi/lib/libm.a(lib_a-e_exp.o)
 .ARM.attributes
                0x0000000000000567       0x2a /opt/devkitpro/devkitARM/arm-none-eabi/lib/libm.a(lib_a-e_log.o)
 .ARM.attributes
                0x0000000000000591       0x2a /opt/devkitpro/devkitARM/arm-none-eabi/lib/libm.a(lib_a-s_finite.o)
 .ARM.attributes
                0x00000000000005bb       0x30 /opt/devkitpro/devkitARM/arm-none-eabi/lib/libm.a(lib_a-s_lib_ver.o)
 .ARM.attributes
                0x00000000000005eb       0x2a /opt/devkitpro/devkitARM/arm-none-eabi/lib/libm.a(lib_a-s_nan.o)
 .ARM.attributes
                0x0000000000000615       0x1c /opt/devkitpro/devkitARM/lib/gcc/arm-none-eabi/10.1.0/libgcc.a(_arm_mulsf3.o)
 .ARM.attributes
                0x0000000000000631       0x1c /opt/devkitpro/devkitARM/lib/gcc/arm-none-eabi/10.1.0/libgcc.a(_divsi3.o)
 .ARM.attributes
                0x000000000000064d       0x1c /opt/devkitpro/devkitARM/lib/gcc/arm-none-eabi/10.1.0/libgcc.a(_dvmd_tls.o)
 .ARM.attributes
                0x0000000000000669       0x1c /opt/devkitpro/devkitARM/lib/gcc/arm-none-eabi/10.1.0/libgcc.a(_arm_addsubdf3.o)
 .ARM.attributes
                0x0000000000000685       0x1c /opt/devkitpro/devkitARM/lib/gcc/arm-none-eabi/10.1.0/libgcc.a(_arm_muldivdf3.o)
 .ARM.attributes
                0x00000000000006a1       0x1c /opt/devkitpro/devkitARM/lib/gcc/arm-none-eabi/10.1.0/libgcc.a(_arm_cmpdf2.o)
 .ARM.attributes
                0x00000000000006bd       0x1c /opt/devkitpro/devkitARM/lib/gcc/arm-none-eabi/10.1.0/libgcc.a(_arm_unorddf2.o)
 .ARM.attributes
                0x00000000000006d9       0x1c /opt/devkitpro/devkitARM/lib/gcc/arm-none-eabi/10.1.0/libgcc.a(_arm_fixdfsi.o)
 .ARM.attributes
                0x00000000000006f5       0x1c /opt/devkitpro/devkitARM/lib/gcc/arm-none-eabi/10.1.0/libgcc.a(_arm_fixunsdfsi.o)
 .ARM.attributes
                0x0000000000000711       0x1c /opt/devkitpro/devkitARM/lib/gcc/arm-none-eabi/10.1.0/libgcc.a(_arm_truncdfsf2.o)
 .ARM.attributes
                0x000000000000072d       0x1c /opt/devkitpro/devkitARM/lib/gcc/arm-none-eabi/10.1.0/libgcc.a(_arm_addsubsf3.o)
 .ARM.attributes
                0x0000000000000749       0x1c /opt/devkitpro/devkitARM/lib/gcc/arm-none-eabi/10.1.0/libgcc.a(_arm_cmpsf2.o)
 .ARM.attributes
                0x0000000000000765       0x1c /opt/devkitpro/devkitARM/lib/gcc/arm-none-eabi/10.1.0/libgcc.a(_arm_fixunssfsi.o)
 .ARM.attributes
                0x0000000000000781       0x2a /opt/devkitpro/devkitARM/arm-none-eabi/lib/libg.a(lib_a-errno.o)
 .ARM.attributes
                0x00000000000007ab       0x2a /opt/devkitpro/devkitARM/arm-none-eabi/lib/libg.a(lib_a-init.o)
 .ARM.attributes
                0x00000000000007d5       0x2a /opt/devkitpro/devkitARM/arm-none-eabi/lib/libg.a(lib_a-iprintf.o)
 .ARM.attributes
                0x00000000000007ff       0x2a /opt/devkitpro/devkitARM/arm-none-eabi/lib/libg.a(lib_a-malloc.o)
 .ARM.attributes
                0x0000000000000829       0x2a /opt/devkitpro/devkitARM/arm-none-eabi/lib/libg.a(lib_a-mallocr.o)
 .ARM.attributes
                0x0000000000000853       0x2a /opt/devkitpro/devkitARM/arm-none-eabi/lib/libg.a(lib_a-memcpy-stub.o)
 .ARM.attributes
                0x000000000000087d       0x2a /opt/devkitpro/devkitARM/arm-none-eabi/lib/libg.a(lib_a-memset.o)
 .ARM.attributes
                0x00000000000008a7       0x2a /opt/devkitpro/devkitARM/arm-none-eabi/lib/libg.a(lib_a-mlock.o)
 .ARM.attributes
                0x00000000000008d1       0x2a /opt/devkitpro/devkitARM/arm-none-eabi/lib/libg.a(lib_a-setvbuf.o)
 .ARM.attributes
                0x00000000000008fb       0x2a /opt/devkitpro/devkitARM/arm-none-eabi/lib/libg.a(lib_a-siscanf.o)
 .ARM.attributes
                0x0000000000000925       0x2a /opt/devkitpro/devkitARM/arm-none-eabi/lib/libg.a(lib_a-stdio.o)
 .ARM.attributes
                0x000000000000094f       0x2a /opt/devkitpro/devkitARM/arm-none-eabi/lib/libg.a(lib_a-strlen-stub.o)
 .ARM.attributes
                0x0000000000000979       0x2a /opt/devkitpro/devkitARM/arm-none-eabi/lib/libg.a(lib_a-svfiscanf.o)
 .ARM.attributes
                0x00000000000009a3       0x2a /opt/devkitpro/devkitARM/arm-none-eabi/lib/libg.a(lib_a-ungetc.o)
 .ARM.attributes
                0x00000000000009cd       0x2a /opt/devkitpro/devkitARM/arm-none-eabi/lib/libg.a(lib_a-vfiprintf.o)
 .ARM.attributes
                0x00000000000009f7       0x2a /opt/devkitpro/devkitARM/arm-none-eabi/lib/libg.a(lib_a-wcrtomb.o)
 .ARM.attributes
                0x0000000000000a21       0x2a /opt/devkitpro/devkitARM/arm-none-eabi/lib/libg.a(lib_a-wcsrtombs.o)
 .ARM.attributes
                0x0000000000000a4b       0x2a /opt/devkitpro/devkitARM/arm-none-eabi/lib/libg.a(lib_a-wsetup.o)
 .ARM.attributes
                0x0000000000000a75       0x2a /opt/devkitpro/devkitARM/arm-none-eabi/lib/libg.a(lib_a-ctype_.o)
 .ARM.attributes
                0x0000000000000a9f       0x2a /opt/devkitpro/devkitARM/arm-none-eabi/lib/libg.a(lib_a-fflush.o)
 .ARM.attributes
                0x0000000000000ac9       0x2a /opt/devkitpro/devkitARM/arm-none-eabi/lib/libg.a(lib_a-findfp.o)
 .ARM.attributes
                0x0000000000000af3       0x2a /opt/devkitpro/devkitARM/arm-none-eabi/lib/libg.a(lib_a-freer.o)
 .ARM.attributes
                0x0000000000000b1d       0x2a /opt/devkitpro/devkitARM/arm-none-eabi/lib/libg.a(lib_a-fvwrite.o)
 .ARM.attributes
                0x0000000000000b47       0x2a /opt/devkitpro/devkitARM/arm-none-eabi/lib/libg.a(lib_a-fwalk.o)
 .ARM.attributes
                0x0000000000000b71       0x30 /opt/devkitpro/devkitARM/arm-none-eabi/lib/libg.a(lib_a-impure.o)
 .ARM.attributes
                0x0000000000000ba1       0x2a /opt/devkitpro/devkitARM/arm-none-eabi/lib/libg.a(lib_a-iswspace.o)
 .ARM.attributes
                0x0000000000000bcb       0x2a /opt/devkitpro/devkitARM/arm-none-eabi/lib/libg.a(lib_a-localeconv.o)
 .ARM.attributes
                0x0000000000000bf5       0x2a /opt/devkitpro/devkitARM/arm-none-eabi/lib/libg.a(lib_a-locale.o)
 .ARM.attributes
                0x0000000000000c1f       0x2a /opt/devkitpro/devkitARM/arm-none-eabi/lib/libg.a(lib_a-makebuf.o)
 .ARM.attributes
                0x0000000000000c49       0x2a /opt/devkitpro/devkitARM/arm-none-eabi/lib/libg.a(lib_a-mbrtowc.o)
 .ARM.attributes
                0x0000000000000c73       0x2a /opt/devkitpro/devkitARM/arm-none-eabi/lib/libg.a(lib_a-mbtowc_r.o)
 .ARM.attributes
                0x0000000000000c9d       0x2a /opt/devkitpro/devkitARM/arm-none-eabi/lib/libg.a(lib_a-memchr-stub.o)
 .ARM.attributes
                0x0000000000000cc7       0x2a /opt/devkitpro/devkitARM/arm-none-eabi/lib/libg.a(lib_a-memmove.o)
 .ARM.attributes
                0x0000000000000cf1       0x2a /opt/devkitpro/devkitARM/arm-none-eabi/lib/libg.a(lib_a-realloc.o)
 .ARM.attributes
                0x0000000000000d1b       0x2a /opt/devkitpro/devkitARM/arm-none-eabi/lib/libg.a(lib_a-reallocr.o)
 .ARM.attributes
                0x0000000000000d45       0x2a /opt/devkitpro/devkitARM/arm-none-eabi/lib/libg.a(lib_a-sccl.o)
 .ARM.attributes
                0x0000000000000d6f       0x1a /opt/devkitpro/devkitARM/arm-none-eabi/lib/libg.a(lib_a-strcmp.o)
 .ARM.attributes
                0x0000000000000d89       0x2a /opt/devkitpro/devkitARM/arm-none-eabi/lib/libg.a(lib_a-strncpy.o)
 .ARM.attributes
                0x0000000000000db3       0x2a /opt/devkitpro/devkitARM/arm-none-eabi/lib/libg.a(lib_a-strtoll.o)
 .ARM.attributes
                0x0000000000000ddd       0x2a /opt/devkitpro/devkitARM/arm-none-eabi/lib/libg.a(lib_a-strtol.o)
 .ARM.attributes
                0x0000000000000e07       0x2a /opt/devkitpro/devkitARM/arm-none-eabi/lib/libg.a(lib_a-strtoull.o)
 .ARM.attributes
                0x0000000000000e31       0x2a /opt/devkitpro/devkitARM/arm-none-eabi/lib/libg.a(lib_a-strtoul.o)
 .ARM.attributes
                0x0000000000000e5b       0x2a /opt/devkitpro/devkitARM/arm-none-eabi/lib/libg.a(lib_a-svfiprintf.o)
 .ARM.attributes
                0x0000000000000e85       0x2a /opt/devkitpro/devkitARM/arm-none-eabi/lib/libg.a(lib_a-wcsnrtombs.o)
 .ARM.attributes
                0x0000000000000eaf       0x2a /opt/devkitpro/devkitARM/arm-none-eabi/lib/libg.a(lib_a-wctomb_r.o)
 .ARM.attributes
                0x0000000000000ed9       0x2a /opt/devkitpro/devkitARM/arm-none-eabi/lib/libg.a(lib_a-fclose.o)
 .ARM.attributes
                0x0000000000000f03       0x2a /opt/devkitpro/devkitARM/arm-none-eabi/lib/libg.a(lib_a-iswspace_l.o)
 .ARM.attributes
                0x0000000000000f2d       0x2a /opt/devkitpro/devkitARM/arm-none-eabi/lib/libg.a(lib_a-jp2uc.o)
 .ARM.attributes
                0x0000000000000f57       0x2a /opt/devkitpro/devkitARM/arm-none-eabi/lib/libg.a(lib_a-categories.o)
 .ARM.attributes
                0x0000000000000f81       0x2a /opt/devkitpro/devkitARM/arm-none-eabi/lib/libsysbase.a(iosupport.o)
 .ARM.attributes
                0x0000000000000fab       0x2a /opt/devkitpro/devkitARM/arm-none-eabi/lib/libsysbase.a(fstat.o)
 .ARM.attributes
                0x0000000000000fd5       0x2a /opt/devkitpro/devkitARM/arm-none-eabi/lib/libsysbase.a(isatty.o)
 .ARM.attributes
                0x0000000000000fff       0x2a /opt/devkitpro/devkitARM/arm-none-eabi/lib/libsysbase.a(lseek.o)
 .ARM.attributes
                0x0000000000001029       0x2a /opt/devkitpro/devkitARM/arm-none-eabi/lib/libsysbase.a(read.o)
 .ARM.attributes
                0x0000000000001053       0x2a /opt/devkitpro/devkitARM/arm-none-eabi/lib/libsysbase.a(sbrk.o)
 .ARM.attributes
                0x000000000000107d       0x2a /opt/devkitpro/devkitARM/arm-none-eabi/lib/libsysbase.a(write.o)
 .ARM.attributes
                0x00000000000010a7       0x30 /opt/devkitpro/devkitARM/arm-none-eabi/lib/libsysbase.a(malloc_vars.o)
 .ARM.attributes
                0x00000000000010d7       0x2a /opt/devkitpro/devkitARM/arm-none-eabi/lib/libsysbase.a(build_argv.o)
 .ARM.attributes
                0x0000000000001101       0x2a /opt/devkitpro/devkitARM/arm-none-eabi/lib/libsysbase.a(flock.o)
 .ARM.attributes
                0x000000000000112b       0x2a /opt/devkitpro/devkitARM/arm-none-eabi/lib/libsysbase.a(syscall_support.o)
 .ARM.attributes
                0x0000000000001155       0x2a /opt/devkitpro/devkitARM/arm-none-eabi/lib/libsysbase.a(handle_manager.o)
 .ARM.attributes
                0x000000000000117f       0x2a /opt/devkitpro/devkitARM/arm-none-eabi/lib/libsysbase.a(getreent.o)
 .ARM.attributes
                0x00000000000011a9       0x1c /opt/devkitpro/devkitARM/lib/gcc/arm-none-eabi/10.1.0/libgcc.a(_udivsi3.o)
 .ARM.attributes
                0x00000000000011c5       0x1c /opt/devkitpro/devkitARM/lib/gcc/arm-none-eabi/10.1.0/libgcc.a(_aeabi_uldivmod.o)
 .ARM.attributes
                0x00000000000011e1       0x2a /opt/devkitpro/devkitARM/lib/gcc/arm-none-eabi/10.1.0/libgcc.a(_udivmoddi4.o)
 .ARM.attributes
                0x000000000000120b       0x1c /opt/devkitpro/devkitARM/lib/gcc/arm-none-eabi/10.1.0/libgcc.a(_clzdi2.o)
 .ARM.attributes
                0x0000000000001227       0x1c /opt/devkitpro/devkitARM/lib/gcc/arm-none-eabi/10.1.0/libgcc.a(_clzsi2.o)
 .ARM.attributes
                0x0000000000001243       0x30 /opt/devkitpro/devkitARM/lib/gcc/arm-none-eabi/10.1.0/crtend.o
 .ARM.attributes
                0x0000000000001273       0x1c /opt/devkitpro/devkitARM/lib/gcc/arm-none-eabi/10.1.0/crtn.o

.debug
 *(.debug)

.line
 *(.line)

.debug_srcinfo
 *(.debug_srcinfo)

.debug_sfnames
 *(.debug_sfnames)

.debug_aranges  0x0000000000000000      0x6c8
 *(.debug_aranges)
 .debug_aranges
                0x0000000000000000       0x20 menus.o
 .debug_aranges
                0x0000000000000020       0x20 adsr.o
 .debug_aranges
                0x0000000000000040       0x20 main9.o
 .debug_aranges
                0x0000000000000060       0x20 mytimers.o
 .debug_aranges
                0x0000000000000080       0x20 extras.o
 .debug_aranges
                0x00000000000000a0       0x40 /opt/devkitpro/libnds/lib/libnds9.a(background.o)
 .debug_aranges
                0x00000000000000e0       0x28 /opt/devkitpro/libnds/lib/libnds9.a(touch.o)